Archive member included to satisfy reference by file (symbol)

/home/wanchuan/Downloads/gcc-arm-none-eabi-10.3-2021.10/bin/../lib/gcc/arm-none-eabi/10.3.1/../../../../arm-none-eabi/lib/thumb/v7e-m+fp/hard/libc_nano.a(lib_a-exit.o)
                              /home/wanchuan/Downloads/gcc-arm-none-eabi-10.3-2021.10/bin/../lib/gcc/arm-none-eabi/10.3.1/../../../../arm-none-eabi/lib/thumb/v7e-m+fp/hard/crt0.o (exit)
/home/wanchuan/Downloads/gcc-arm-none-eabi-10.3-2021.10/bin/../lib/gcc/arm-none-eabi/10.3.1/../../../../arm-none-eabi/lib/thumb/v7e-m+fp/hard/libc_nano.a(lib_a-impure.o)
                              /home/wanchuan/Downloads/gcc-arm-none-eabi-10.3-2021.10/bin/../lib/gcc/arm-none-eabi/10.3.1/../../../../arm-none-eabi/lib/thumb/v7e-m+fp/hard/libc_nano.a(lib_a-exit.o) (_global_impure_ptr)
/home/wanchuan/Downloads/gcc-arm-none-eabi-10.3-2021.10/bin/../lib/gcc/arm-none-eabi/10.3.1/../../../../arm-none-eabi/lib/thumb/v7e-m+fp/hard/libc_nano.a(lib_a-init.o)
                              /home/wanchuan/Downloads/gcc-arm-none-eabi-10.3-2021.10/bin/../lib/gcc/arm-none-eabi/10.3.1/../../../../arm-none-eabi/lib/thumb/v7e-m+fp/hard/crt0.o (__libc_init_array)
/home/wanchuan/Downloads/gcc-arm-none-eabi-10.3-2021.10/bin/../lib/gcc/arm-none-eabi/10.3.1/../../../../arm-none-eabi/lib/thumb/v7e-m+fp/hard/libc_nano.a(lib_a-memset.o)
                              /home/wanchuan/Downloads/gcc-arm-none-eabi-10.3-2021.10/bin/../lib/gcc/arm-none-eabi/10.3.1/../../../../arm-none-eabi/lib/thumb/v7e-m+fp/hard/crt0.o (memset)
/home/wanchuan/Downloads/gcc-arm-none-eabi-10.3-2021.10/bin/../lib/gcc/arm-none-eabi/10.3.1/thumb/v7e-m+fp/hard/libgcc.a(_aeabi_uldivmod.o)
                              CMakeFiles/L475PWM.dir/Drivers/STM32L4xx_HAL_Driver/Src/stm32l4xx_hal_uart.c.obj (__aeabi_uldivmod)
/home/wanchuan/Downloads/gcc-arm-none-eabi-10.3-2021.10/bin/../lib/gcc/arm-none-eabi/10.3.1/thumb/v7e-m+fp/hard/libgcc.a(_udivmoddi4.o)
                              /home/wanchuan/Downloads/gcc-arm-none-eabi-10.3-2021.10/bin/../lib/gcc/arm-none-eabi/10.3.1/thumb/v7e-m+fp/hard/libgcc.a(_aeabi_uldivmod.o) (__udivmoddi4)
/home/wanchuan/Downloads/gcc-arm-none-eabi-10.3-2021.10/bin/../lib/gcc/arm-none-eabi/10.3.1/thumb/v7e-m+fp/hard/libgcc.a(_dvmd_tls.o)
                              /home/wanchuan/Downloads/gcc-arm-none-eabi-10.3-2021.10/bin/../lib/gcc/arm-none-eabi/10.3.1/thumb/v7e-m+fp/hard/libgcc.a(_aeabi_uldivmod.o) (__aeabi_ldiv0)
/home/wanchuan/Downloads/gcc-arm-none-eabi-10.3-2021.10/bin/../lib/gcc/arm-none-eabi/10.3.1/../../../../arm-none-eabi/lib/thumb/v7e-m+fp/hard/libg_nano.a(lib_a-errno.o)
                              CMakeFiles/L475PWM.dir/Core/Src/sysmem.c.obj (__errno)
/home/wanchuan/Downloads/gcc-arm-none-eabi-10.3-2021.10/bin/../lib/gcc/arm-none-eabi/10.3.1/../../../../arm-none-eabi/lib/thumb/v7e-m+fp/hard/libg_nano.a(lib_a-printf.o)
                              CMakeFiles/L475PWM.dir/Core/Src/main.c.obj (printf)
/home/wanchuan/Downloads/gcc-arm-none-eabi-10.3-2021.10/bin/../lib/gcc/arm-none-eabi/10.3.1/../../../../arm-none-eabi/lib/thumb/v7e-m+fp/hard/libg_nano.a(lib_a-puts.o)
                              CMakeFiles/L475PWM.dir/Core/Src/VL53L0X.c.obj (puts)
/home/wanchuan/Downloads/gcc-arm-none-eabi-10.3-2021.10/bin/../lib/gcc/arm-none-eabi/10.3.1/../../../../arm-none-eabi/lib/thumb/v7e-m+fp/hard/libg_nano.a(lib_a-wbuf.o)
                              /home/wanchuan/Downloads/gcc-arm-none-eabi-10.3-2021.10/bin/../lib/gcc/arm-none-eabi/10.3.1/../../../../arm-none-eabi/lib/thumb/v7e-m+fp/hard/libg_nano.a(lib_a-puts.o) (__swbuf_r)
/home/wanchuan/Downloads/gcc-arm-none-eabi-10.3-2021.10/bin/../lib/gcc/arm-none-eabi/10.3.1/../../../../arm-none-eabi/lib/thumb/v7e-m+fp/hard/libg_nano.a(lib_a-wsetup.o)
                              /home/wanchuan/Downloads/gcc-arm-none-eabi-10.3-2021.10/bin/../lib/gcc/arm-none-eabi/10.3.1/../../../../arm-none-eabi/lib/thumb/v7e-m+fp/hard/libg_nano.a(lib_a-puts.o) (__swsetup_r)
/home/wanchuan/Downloads/gcc-arm-none-eabi-10.3-2021.10/bin/../lib/gcc/arm-none-eabi/10.3.1/../../../../arm-none-eabi/lib/thumb/v7e-m+fp/hard/libg_nano.a(lib_a-fflush.o)
                              /home/wanchuan/Downloads/gcc-arm-none-eabi-10.3-2021.10/bin/../lib/gcc/arm-none-eabi/10.3.1/../../../../arm-none-eabi/lib/thumb/v7e-m+fp/hard/libg_nano.a(lib_a-wbuf.o) (_fflush_r)
/home/wanchuan/Downloads/gcc-arm-none-eabi-10.3-2021.10/bin/../lib/gcc/arm-none-eabi/10.3.1/../../../../arm-none-eabi/lib/thumb/v7e-m+fp/hard/libg_nano.a(lib_a-findfp.o)
                              /home/wanchuan/Downloads/gcc-arm-none-eabi-10.3-2021.10/bin/../lib/gcc/arm-none-eabi/10.3.1/../../../../arm-none-eabi/lib/thumb/v7e-m+fp/hard/libg_nano.a(lib_a-printf.o) (__sinit)
/home/wanchuan/Downloads/gcc-arm-none-eabi-10.3-2021.10/bin/../lib/gcc/arm-none-eabi/10.3.1/../../../../arm-none-eabi/lib/thumb/v7e-m+fp/hard/libg_nano.a(lib_a-fwalk.o)
[...]
Memory Configuration

Name             Origin             Length             Attributes
RAM              0x0000000020000000 0x0000000000018000 xrw
RAM2             0x0000000010000000 0x0000000000008000 xrw
FLASH            0x0000000008000000 0x0000000000100000 xr
*default*        0x0000000000000000 0xffffffffffffffff

Linker script and memory map

LOAD /home/wanchuan/Downloads/gcc-arm-none-eabi-10.3-2021.10/bin/../lib/gcc/arm-none-eabi/10.3.1/thumb/v7e-m+fp/hard/crti.o
LOAD /home/wanchuan/Downloads/gcc-arm-none-eabi-10.3-2021.10/bin/../lib/gcc/arm-none-eabi/10.3.1/thumb/v7e-m+fp/hard/crtbegin.o
LOAD /home/wanchuan/Downloads/gcc-arm-none-eabi-10.3-2021.10/bin/../lib/gcc/arm-none-eabi/10.3.1/../../../../arm-none-eabi/lib/thumb/v7e-m+fp/hard/crt0.o
START GROUP
LOAD /home/wanchuan/Downloads/gcc-arm-none-eabi-10.3-2021.10/bin/../lib/gcc/arm-none-eabi/10.3.1/../../../../arm-none-eabi/lib/thumb/v7e-m+fp/hard/libc_nano.a
LOAD /home/wanchuan/Downloads/gcc-arm-none-eabi-10.3-2021.10/bin/../lib/gcc/arm-none-eabi/10.3.1/../../../../arm-none-eabi/lib/thumb/v7e-m+fp/hard/libm.a
END GROUP
LOAD CMakeFiles/L475PWM.dir/Core/Src/VL53L0X.c.obj
LOAD CMakeFiles/L475PWM.dir/Core/Src/main.c.obj
LOAD CMakeFiles/L475PWM.dir/Core/Src/gpio.c.obj
LOAD CMakeFiles/L475PWM.dir/Core/Src/dfsdm.c.obj
LOAD CMakeFiles/L475PWM.dir/Core/Src/i2c.c.obj
LOAD CMakeFiles/L475PWM.dir/Core/Src/quadspi.c.obj
LOAD CMakeFiles/L475PWM.dir/Core/Src/spi.c.obj
LOAD CMakeFiles/L475PWM.dir/Core/Src/tim.c.obj
LOAD CMakeFiles/L475PWM.dir/Core/Src/usart.c.obj
LOAD CMakeFiles/L475PWM.dir/Core/Src/usb_otg.c.obj
LOAD CMakeFiles/L475PWM.dir/Core/Src/stm32l4xx_it.c.obj
LOAD CMakeFiles/L475PWM.dir/Core/Src/stm32l4xx_hal_msp.c.obj
LOAD CMakeFiles/L475PWM.dir/Drivers/STM32L4xx_HAL_Driver/Src/stm32l4xx_hal_dfsdm.c.obj
LOAD CMakeFiles/L475PWM.dir/Drivers/STM32L4xx_HAL_Driver/Src/stm32l4xx_hal.c.obj
LOAD CMakeFiles/L475PWM.dir/Drivers/STM32L4xx_HAL_Driver/Src/stm32l4xx_hal_rcc.c.obj
LOAD CMakeFiles/L475PWM.dir/Drivers/STM32L4xx_HAL_Driver/Src/stm32l4xx_hal_rcc_ex.c.obj
LOAD CMakeFiles/L475PWM.dir/Drivers/STM32L4xx_HAL_Driver/Src/stm32l4xx_hal_flash.c.obj
LOAD CMakeFiles/L475PWM.dir/Drivers/STM32L4xx_HAL_Driver/Src/stm32l4xx_hal_flash_ex.c.obj
LOAD CMakeFiles/L475PWM.dir/Drivers/STM32L4xx_HAL_Driver/Src/stm32l4xx_hal_flash_ramfunc.c.obj
LOAD CMakeFiles/L475PWM.dir/Drivers/STM32L4xx_HAL_Driver/Src/stm32l4xx_hal_gpio.c.obj
LOAD CMakeFiles/L475PWM.dir/Drivers/STM32L4xx_HAL_Driver/Src/stm32l4xx_hal_i2c.c.obj
LOAD CMakeFiles/L475PWM.dir/Drivers/STM32L4xx_HAL_Driver/Src/stm32l4xx_hal_i2c_ex.c.obj
LOAD CMakeFiles/L475PWM.dir/Drivers/STM32L4xx_HAL_Driver/Src/stm32l4xx_hal_dma.c.obj
LOAD CMakeFiles/L475PWM.dir/Drivers/STM32L4xx_HAL_Driver/Src/stm32l4xx_hal_dma_ex.c.obj
LOAD CMakeFiles/L475PWM.dir/Drivers/STM32L4xx_HAL_Driver/Src/stm32l4xx_hal_pwr.c.obj
LOAD CMakeFiles/L475PWM.dir/Drivers/STM32L4xx_HAL_Driver/Src/stm32l4xx_hal_pwr_ex.c.obj
LOAD CMakeFiles/L475PWM.dir/Drivers/STM32L4xx_HAL_Driver/Src/stm32l4xx_hal_cortex.c.obj
LOAD CMakeFiles/L475PWM.dir/Drivers/STM32L4xx_HAL_Driver/Src/stm32l4xx_hal_exti.c.obj
LOAD CMakeFiles/L475PWM.dir/Drivers/STM32L4xx_HAL_Driver/Src/stm32l4xx_hal_qspi.c.obj
LOAD CMakeFiles/L475PWM.dir/Drivers/STM32L4xx_HAL_Driver/Src/stm32l4xx_hal_spi.c.obj
LOAD CMakeFiles/L475PWM.dir/Drivers/STM32L4xx_HAL_Driver/Src/stm32l4xx_hal_spi_ex.c.obj
LOAD CMakeFiles/L475PWM.dir/Drivers/STM32L4xx_HAL_Driver/Src/stm32l4xx_hal_tim.c.obj
LOAD CMakeFiles/L475PWM.dir/Drivers/STM32L4xx_HAL_Driver/Src/stm32l4xx_hal_tim_ex.c.obj
LOAD CMakeFiles/L475PWM.dir/Drivers/STM32L4xx_HAL_Driver/Src/stm32l4xx_hal_uart.c.obj
LOAD CMakeFiles/L475PWM.dir/Drivers/STM32L4xx_HAL_Driver/Src/stm32l4xx_hal_uart_ex.c.obj
LOAD CMakeFiles/L475PWM.dir/Drivers/STM32L4xx_HAL_Driver/Src/stm32l4xx_hal_pcd.c.obj
LOAD CMakeFiles/L475PWM.dir/Drivers/STM32L4xx_HAL_Driver/Src/stm32l4xx_hal_pcd_ex.c.obj
LOAD CMakeFiles/L475PWM.dir/Drivers/STM32L4xx_HAL_Driver/Src/stm32l4xx_ll_usb.c.obj
LOAD CMakeFiles/L475PWM.dir/Core/Src/system_stm32l4xx.c.obj
LOAD CMakeFiles/L475PWM.dir/Core/Src/sysmem.c.obj
LOAD CMakeFiles/L475PWM.dir/Core/Src/syscalls.c.obj
LOAD CMakeFiles/L475PWM.dir/startup_stm32l475xx.s.obj
START GROUP
LOAD /home/wanchuan/Downloads/gcc-arm-none-eabi-10.3-2021.10/bin/../lib/gcc/arm-none-eabi/10.3.1/thumb/v7e-m+fp/hard/libgcc.a
LOAD /home/wanchuan/Downloads/gcc-arm-none-eabi-10.3-2021.10/bin/../lib/gcc/arm-none-eabi/10.3.1/../../../../arm-none-eabi/lib/thumb/v7e-m+fp/hard/libg_nano.a
LOAD /home/wanchuan/Downloads/gcc-arm-none-eabi-10.3-2021.10/bin/../lib/gcc/arm-none-eabi/10.3.1/../../../../arm-none-eabi/lib/thumb/v7e-m+fp/hard/libc_nano.a
END GROUP
START GROUP
LOAD /home/wanchuan/Downloads/gcc-arm-none-eabi-10.3-2021.10/bin/../lib/gcc/arm-none-eabi/10.3.1/thumb/v7e-m+fp/hard/libgcc.a
LOAD /home/wanchuan/Downloads/gcc-arm-none-eabi-10.3-2021.10/bin/../lib/gcc/arm-none-eabi/10.3.1/../../../../arm-none-eabi/lib/thumb/v7e-m+fp/hard/libc_nano.a
END GROUP
LOAD /home/wanchuan/Downloads/gcc-arm-none-eabi-10.3-2021.10/bin/../lib/gcc/arm-none-eabi/10.3.1/thumb/v7e-m+fp/hard/crtend.o
LOAD /home/wanchuan/Downloads/gcc-arm-none-eabi-10.3-2021.10/bin/../lib/gcc/arm-none-eabi/10.3.1/thumb/v7e-m+fp/hard/crtn.o
                0x0000000020018000                _estack = (ORIGIN (RAM) + LENGTH (RAM))
                0x0000000000000200                _Min_Heap_Size = 0x200
                0x0000000000000400                _Min_Stack_Size = 0x400

.isr_vector     0x0000000008000000      0x188
                0x0000000008000000                . = ALIGN (0x8)
 *(.isr_vector)
 .isr_vector    0x0000000008000000      0x188 CMakeFiles/L475PWM.dir/startup_stm32l475xx.s.obj
                0x0000000008000000                g_pfnVectors
                0x0000000008000188                . = ALIGN (0x8)

.text           0x0000000008000190     0x6b00
                0x0000000008000190                . = ALIGN (0x8)
 *(.text)
 .text          0x0000000008000190       0x40 /home/wanchuan/Downloads/gcc-arm-none-eabi-10.3-2021.10/bin/../lib/gcc/arm-none-eabi/10.3.1/thumb/v7e-m+fp/hard/crtbegin.o
 .text          0x00000000080001d0       0x30 /home/wanchuan/Downloads/gcc-arm-none-eabi-10.3-2021.10/bin/../lib/gcc/arm-none-eabi/10.3.1/thumb/v7e-m+fp/hard/libgcc.a(_aeabi_uldivmod.o)
                0x00000000080001d0                __aeabi_uldivmod
 .text          0x0000000008000200      0x2d0 /home/wanchuan/Downloads/gcc-arm-none-eabi-10.3-2021.10/bin/../lib/gcc/arm-none-eabi/10.3.1/thumb/v7e-m+fp/hard/libgcc.a(_udivmoddi4.o)
                0x0000000008000200                __udivmoddi4
 .text          0x00000000080004d0        0x4 /home/wanchuan/Downloads/gcc-arm-none-eabi-10.3-2021.10/bin/../lib/gcc/arm-none-eabi/10.3.1/thumb/v7e-m+fp/hard/libgcc.a(_dvmd_tls.o)
                0x00000000080004d0                __aeabi_ldiv0
                0x00000000080004d0                __aeabi_idiv0
 *fill*         0x00000000080004d4        0xc 
 .text          0x00000000080004e0       0xa0 /home/wanchuan/Downloads/gcc-arm-none-eabi-10.3-2021.10/bin/../lib/gcc/arm-none-eabi/10.3.1/../../../../arm-none-eabi/lib/thumb/v7e-m+fp/hard/libg_nano.a(lib_a-memchr.o)
                0x00000000080004e0                memchr
 *(.text*)
 .text.__libc_init_array
                0x0000000008000580       0x48 /home/wanchuan/Downloads/gcc-arm-none-eabi-10.3-2021.10/bin/../lib/gcc/arm-none-eabi/10.3.1/../../../../arm-none-eabi/lib/thumb/v7e-m+fp/hard/libc_nano.a(lib_a-init.o)
                0x0000000008000580                __libc_init_array
 .text.memset   0x00000000080005c8       0x10 /home/wanchuan/Downloads/gcc-arm-none-eabi-10.3-2021.10/bin/../lib/gcc/arm-none-eabi/10.3.1/../../../../arm-none-eabi/lib/thumb/v7e-m+fp/hard/libc_nano.a(lib_a-memset.o)
                0x00000000080005c8                memset
 .text.__io_putchar
                0x00000000080005d8       0x24 CMakeFiles/L475PWM.dir/Core/Src/main.c.obj
                0x00000000080005d8                __io_putchar
 .text.main     0x00000000080005fc       0x88 CMakeFiles/L475PWM.dir/Core/Src/main.c.obj
                0x00000000080005fc                main
 .text.SystemClock_Config
                0x0000000008000684       0xc4 CMakeFiles/L475PWM.dir/Core/Src/main.c.obj
                0x0000000008000684                SystemClock_Config
 .text.Error_Handler
                0x0000000008000748        0xa CMakeFiles/L475PWM.dir/Core/Src/main.c.obj
                0x0000000008000748                Error_Handler
 *fill*         0x0000000008000752        0x2 
 .text.MX_GPIO_Init
                0x0000000008000754      0x364 CMakeFiles/L475PWM.dir/Core/Src/gpio.c.obj
                0x0000000008000754                MX_GPIO_Init
 .text.MX_DFSDM1_Init
                0x0000000008000ab8       0x70 CMakeFiles/L475PWM.dir/Core/Src/dfsdm.c.obj
                0x0000000008000ab8                MX_DFSDM1_Init
 .text.HAL_DFSDM_ChannelMspInit
                0x0000000008000b28       0xc8 CMakeFiles/L475PWM.dir/Core/Src/dfsdm.c.obj
                0x0000000008000b28                HAL_DFSDM_ChannelMspInit
 .text.MX_I2C2_Init
                0x0000000008000bf0       0x80 CMakeFiles/L475PWM.dir/Core/Src/i2c.c.obj
                0x0000000008000bf0                MX_I2C2_Init
 .text.HAL_I2C_MspInit
                0x0000000008000c70       0xbc CMakeFiles/L475PWM.dir/Core/Src/i2c.c.obj
                0x0000000008000c70                HAL_I2C_MspInit
 .text.MX_QUADSPI_Init
                0x0000000008000d2c       0x4c CMakeFiles/L475PWM.dir/Core/Src/quadspi.c.obj
                0x0000000008000d2c                MX_QUADSPI_Init
 .text.HAL_QSPI_MspInit
                0x0000000008000d78       0x88 CMakeFiles/L475PWM.dir/Core/Src/quadspi.c.obj
                0x0000000008000d78                HAL_QSPI_MspInit
 .text.MX_SPI3_Init
                0x0000000008000e00       0x7c CMakeFiles/L475PWM.dir/Core/Src/spi.c.obj
                0x0000000008000e00                MX_SPI3_Init
 .text.HAL_SPI_MspInit
                0x0000000008000e7c       0x88 CMakeFiles/L475PWM.dir/Core/Src/spi.c.obj
                0x0000000008000e7c                HAL_SPI_MspInit
 .text.MX_TIM15_Init
                0x0000000008000f04      0x10c CMakeFiles/L475PWM.dir/Core/Src/tim.c.obj
                0x0000000008000f04                MX_TIM15_Init
 .text.HAL_TIM_PWM_MspInit
                0x0000000008001010       0x40 CMakeFiles/L475PWM.dir/Core/Src/tim.c.obj
                0x0000000008001010                HAL_TIM_PWM_MspInit
 .text.HAL_TIM_MspPostInit
                0x0000000008001050       0x70 CMakeFiles/L475PWM.dir/Core/Src/tim.c.obj
                0x0000000008001050                HAL_TIM_MspPostInit
 .text.MX_USART1_UART_Init
                0x00000000080010c0       0x60 CMakeFiles/L475PWM.dir/Core/Src/usart.c.obj
                0x00000000080010c0                MX_USART1_UART_Init
 .text.MX_USART3_UART_Init
                0x0000000008001120       0x60 CMakeFiles/L475PWM.dir/Core/Src/usart.c.obj
                0x0000000008001120                MX_USART3_UART_Init
 .text.HAL_UART_MspInit
                0x0000000008001180      0x148 CMakeFiles/L475PWM.dir/Core/Src/usart.c.obj
                0x0000000008001180                HAL_UART_MspInit
 .text.MX_USB_OTG_FS_PCD_Init
                0x00000000080012c8       0x5c CMakeFiles/L475PWM.dir/Core/Src/usb_otg.c.obj
                0x00000000080012c8                MX_USB_OTG_FS_PCD_Init
 .text.HAL_PCD_MspInit
                0x0000000008001324      0x138 CMakeFiles/L475PWM.dir/Core/Src/usb_otg.c.obj
                0x0000000008001324                HAL_PCD_MspInit
 .text.NMI_Handler
                0x000000000800145c        0x6 CMakeFiles/L475PWM.dir/Core/Src/stm32l4xx_it.c.obj
                0x000000000800145c                NMI_Handler
 .text.HardFault_Handler
                0x0000000008001462        0x6 CMakeFiles/L475PWM.dir/Core/Src/stm32l4xx_it.c.obj
                0x0000000008001462                HardFault_Handler
 .text.MemManage_Handler
                0x0000000008001468        0x6 CMakeFiles/L475PWM.dir/Core/Src/stm32l4xx_it.c.obj
                0x0000000008001468                MemManage_Handler
 .text.BusFault_Handler
                0x000000000800146e        0x6 CMakeFiles/L475PWM.dir/Core/Src/stm32l4xx_it.c.obj
                0x000000000800146e                BusFault_Handler
 .text.UsageFault_Handler
                0x0000000008001474        0x6 CMakeFiles/L475PWM.dir/Core/Src/stm32l4xx_it.c.obj
                0x0000000008001474                UsageFault_Handler
 .text.SVC_Handler
                0x000000000800147a        0xe CMakeFiles/L475PWM.dir/Core/Src/stm32l4xx_it.c.obj
                0x000000000800147a                SVC_Handler
 .text.DebugMon_Handler
                0x0000000008001488        0xe CMakeFiles/L475PWM.dir/Core/Src/stm32l4xx_it.c.obj
                0x0000000008001488                DebugMon_Handler
 .text.PendSV_Handler
                0x0000000008001496        0xe CMakeFiles/L475PWM.dir/Core/Src/stm32l4xx_it.c.obj
                0x0000000008001496                PendSV_Handler
 .text.SysTick_Handler
                0x00000000080014a4        0xc CMakeFiles/L475PWM.dir/Core/Src/stm32l4xx_it.c.obj
                0x00000000080014a4                SysTick_Handler
 .text.EXTI9_5_IRQHandler
                0x00000000080014b0       0x22 CMakeFiles/L475PWM.dir/Core/Src/stm32l4xx_it.c.obj
                0x00000000080014b0                EXTI9_5_IRQHandler
 .text.EXTI15_10_IRQHandler
                0x00000000080014d2       0x30 CMakeFiles/L475PWM.dir/Core/Src/stm32l4xx_it.c.obj
                0x00000000080014d2                EXTI15_10_IRQHandler
 *fill*         0x0000000008001502        0x2 
 .text.HAL_MspInit
                0x0000000008001504       0x48 CMakeFiles/L475PWM.dir/Core/Src/stm32l4xx_hal_msp.c.obj
                0x0000000008001504                HAL_MspInit
 .text.HAL_DFSDM_ChannelInit
                0x000000000800154c      0x180 CMakeFiles/L475PWM.dir/Drivers/STM32L4xx_HAL_Driver/Src/stm32l4xx_hal_dfsdm.c.obj
                0x000000000800154c                HAL_DFSDM_ChannelInit
 .text.DFSDM_GetChannelFromInstance
                0x00000000080016cc       0x98 CMakeFiles/L475PWM.dir/Drivers/STM32L4xx_HAL_Driver/Src/stm32l4xx_hal_dfsdm.c.obj
 .text.HAL_Init
                0x0000000008001764       0x30 CMakeFiles/L475PWM.dir/Drivers/STM32L4xx_HAL_Driver/Src/stm32l4xx_hal.c.obj
                0x0000000008001764                HAL_Init
 .text.HAL_InitTick
                0x0000000008001794       0x78 CMakeFiles/L475PWM.dir/Drivers/STM32L4xx_HAL_Driver/Src/stm32l4xx_hal.c.obj
                0x0000000008001794                HAL_InitTick
 .text.HAL_IncTick
                0x000000000800180c       0x28 CMakeFiles/L475PWM.dir/Drivers/STM32L4xx_HAL_Driver/Src/stm32l4xx_hal.c.obj
                0x000000000800180c                HAL_IncTick
 .text.HAL_GetTick
                0x0000000008001834       0x18 CMakeFiles/L475PWM.dir/Drivers/STM32L4xx_HAL_Driver/Src/stm32l4xx_hal.c.obj
                0x0000000008001834                HAL_GetTick
 .text.HAL_Delay
                0x000000000800184c       0x48 CMakeFiles/L475PWM.dir/Drivers/STM32L4xx_HAL_Driver/Src/stm32l4xx_hal.c.obj
                0x000000000800184c                HAL_Delay
 .text.HAL_RCC_OscConfig
                0x0000000008001894      0x7b8 CMakeFiles/L475PWM.dir/Drivers/STM32L4xx_HAL_Driver/Src/stm32l4xx_hal_rcc.c.obj
                0x0000000008001894                HAL_RCC_OscConfig
 .text.HAL_RCC_ClockConfig
                0x000000000800204c      0x200 CMakeFiles/L475PWM.dir/Drivers/STM32L4xx_HAL_Driver/Src/stm32l4xx_hal_rcc.c.obj
                0x000000000800204c                HAL_RCC_ClockConfig
 .text.HAL_RCC_GetSysClockFreq
                0x000000000800224c      0x118 CMakeFiles/L475PWM.dir/Drivers/STM32L4xx_HAL_Driver/Src/stm32l4xx_hal_rcc.c.obj
                0x000000000800224c                HAL_RCC_GetSysClockFreq
 .text.HAL_RCC_GetHCLKFreq
                0x0000000008002364       0x18 CMakeFiles/L475PWM.dir/Drivers/STM32L4xx_HAL_Driver/Src/stm32l4xx_hal_rcc.c.obj
                0x0000000008002364                HAL_RCC_GetHCLKFreq
 .text.HAL_RCC_GetPCLK1Freq
                0x000000000800237c       0x2c CMakeFiles/L475PWM.dir/Drivers/STM32L4xx_HAL_Driver/Src/stm32l4xx_hal_rcc.c.obj
                0x000000000800237c                HAL_RCC_GetPCLK1Freq
 .text.HAL_RCC_GetPCLK2Freq
                0x00000000080023a8       0x2c CMakeFiles/L475PWM.dir/Drivers/STM32L4xx_HAL_Driver/Src/stm32l4xx_hal_rcc.c.obj
                0x00000000080023a8                HAL_RCC_GetPCLK2Freq
 .text.RCC_SetFlashLatencyFromMSIRange
                0x00000000080023d4       0xc0 CMakeFiles/L475PWM.dir/Drivers/STM32L4xx_HAL_Driver/Src/stm32l4xx_hal_rcc.c.obj
 .text.HAL_RCCEx_PeriphCLKConfig
                0x0000000008002494      0x5d4 CMakeFiles/L475PWM.dir/Drivers/STM32L4xx_HAL_Driver/Src/stm32l4xx_hal_rcc_ex.c.obj
                0x0000000008002494                HAL_RCCEx_PeriphCLKConfig
 .text.HAL_RCCEx_EnableMSIPLLMode
                0x0000000008002a68       0x20 CMakeFiles/L475PWM.dir/Drivers/STM32L4xx_HAL_Driver/Src/stm32l4xx_hal_rcc_ex.c.obj
                0x0000000008002a68                HAL_RCCEx_EnableMSIPLLMode
 .text.RCCEx_PLLSAI1_Config
                0x0000000008002a88      0x1e8 CMakeFiles/L475PWM.dir/Drivers/STM32L4xx_HAL_Driver/Src/stm32l4xx_hal_rcc_ex.c.obj
 .text.RCCEx_PLLSAI2_Config
                0x0000000008002c70      0x1bc CMakeFiles/L475PWM.dir/Drivers/STM32L4xx_HAL_Driver/Src/stm32l4xx_hal_rcc_ex.c.obj
 .text.HAL_GPIO_Init
                0x0000000008002e2c      0x354 CMakeFiles/L475PWM.dir/Drivers/STM32L4xx_HAL_Driver/Src/stm32l4xx_hal_gpio.c.obj
                0x0000000008002e2c                HAL_GPIO_Init
 .text.HAL_GPIO_WritePin
                0x0000000008003180       0x30 CMakeFiles/L475PWM.dir/Drivers/STM32L4xx_HAL_Driver/Src/stm32l4xx_hal_gpio.c.obj
                0x0000000008003180                HAL_GPIO_WritePin
 .text.HAL_GPIO_EXTI_IRQHandler
                0x00000000080031b0       0x30 CMakeFiles/L475PWM.dir/Drivers/STM32L4xx_HAL_Driver/Src/stm32l4xx_hal_gpio.c.obj
                0x00000000080031b0                HAL_GPIO_EXTI_IRQHandler
 .text.HAL_GPIO_EXTI_Callback
                0x00000000080031e0       0x16 CMakeFiles/L475PWM.dir/Drivers/STM32L4xx_HAL_Driver/Src/stm32l4xx_hal_gpio.c.obj
                0x00000000080031e0                HAL_GPIO_EXTI_Callback
 .text.HAL_I2C_Init
                0x00000000080031f6      0x136 CMakeFiles/L475PWM.dir/Drivers/STM32L4xx_HAL_Driver/Src/stm32l4xx_hal_i2c.c.obj
                0x00000000080031f6                HAL_I2C_Init
 .text.HAL_I2CEx_ConfigAnalogFilter
                0x000000000800332c       0x96 CMakeFiles/L475PWM.dir/Drivers/STM32L4xx_HAL_Driver/Src/stm32l4xx_hal_i2c_ex.c.obj
                0x000000000800332c                HAL_I2CEx_ConfigAnalogFilter
 .text.HAL_I2CEx_ConfigDigitalFilter
                0x00000000080033c2       0x98 CMakeFiles/L475PWM.dir/Drivers/STM32L4xx_HAL_Driver/Src/stm32l4xx_hal_i2c_ex.c.obj
                0x00000000080033c2                HAL_I2CEx_ConfigDigitalFilter
 *fill*         0x000000000800345a        0x2 
 .text.HAL_PWR_EnableBkUpAccess
                0x000000000800345c       0x20 CMakeFiles/L475PWM.dir/Drivers/STM32L4xx_HAL_Driver/Src/stm32l4xx_hal_pwr.c.obj
                0x000000000800345c                HAL_PWR_EnableBkUpAccess
 .text.HAL_PWREx_GetVoltageRange
                0x000000000800347c       0x1c CMakeFiles/L475PWM.dir/Drivers/STM32L4xx_HAL_Driver/Src/stm32l4xx_hal_pwr_ex.c.obj
                0x000000000800347c                HAL_PWREx_GetVoltageRange
 .text.HAL_PWREx_ControlVoltageScaling
                0x0000000008003498       0xac CMakeFiles/L475PWM.dir/Drivers/STM32L4xx_HAL_Driver/Src/stm32l4xx_hal_pwr_ex.c.obj
                0x0000000008003498                HAL_PWREx_ControlVoltageScaling
 .text.HAL_PWREx_EnableVddUSB
                0x0000000008003544       0x20 CMakeFiles/L475PWM.dir/Drivers/STM32L4xx_HAL_Driver/Src/stm32l4xx_hal_pwr_ex.c.obj
                0x0000000008003544                HAL_PWREx_EnableVddUSB
 .text.__NVIC_SetPriorityGrouping
                0x0000000008003564       0x48 CMakeFiles/L475PWM.dir/Drivers/STM32L4xx_HAL_Driver/Src/stm32l4xx_hal_cortex.c.obj
 .text.__NVIC_GetPriorityGrouping
                0x00000000080035ac       0x1c CMakeFiles/L475PWM.dir/Drivers/STM32L4xx_HAL_Driver/Src/stm32l4xx_hal_cortex.c.obj
 .text.__NVIC_EnableIRQ
                0x00000000080035c8       0x3c CMakeFiles/L475PWM.dir/Drivers/STM32L4xx_HAL_Driver/Src/stm32l4xx_hal_cortex.c.obj
 .text.__NVIC_SetPriority
                0x0000000008003604       0x54 CMakeFiles/L475PWM.dir/Drivers/STM32L4xx_HAL_Driver/Src/stm32l4xx_hal_cortex.c.obj
 .text.NVIC_EncodePriority
                0x0000000008003658       0x66 CMakeFiles/L475PWM.dir/Drivers/STM32L4xx_HAL_Driver/Src/stm32l4xx_hal_cortex.c.obj
 *fill*         0x00000000080036be        0x2 
 .text.SysTick_Config
                0x00000000080036c0       0x44 CMakeFiles/L475PWM.dir/Drivers/STM32L4xx_HAL_Driver/Src/stm32l4xx_hal_cortex.c.obj
 .text.HAL_NVIC_SetPriorityGrouping
                0x0000000008003704       0x16 CMakeFiles/L475PWM.dir/Drivers/STM32L4xx_HAL_Driver/Src/stm32l4xx_hal_cortex.c.obj
                0x0000000008003704                HAL_NVIC_SetPriorityGrouping
 .text.HAL_NVIC_SetPriority
                0x000000000800371a       0x38 CMakeFiles/L475PWM.dir/Drivers/STM32L4xx_HAL_Driver/Src/stm32l4xx_hal_cortex.c.obj
                0x000000000800371a                HAL_NVIC_SetPriority
 .text.HAL_NVIC_EnableIRQ
                0x0000000008003752       0x1c CMakeFiles/L475PWM.dir/Drivers/STM32L4xx_HAL_Driver/Src/stm32l4xx_hal_cortex.c.obj
                0x0000000008003752                HAL_NVIC_EnableIRQ
 .text.HAL_SYSTICK_Config
                0x000000000800376e       0x18 CMakeFiles/L475PWM.dir/Drivers/STM32L4xx_HAL_Driver/Src/stm32l4xx_hal_cortex.c.obj
                0x000000000800376e                HAL_SYSTICK_Config
 *fill*         0x0000000008003786        0x2 
 .text.HAL_QSPI_Init
                0x0000000008003788       0xec CMakeFiles/L475PWM.dir/Drivers/STM32L4xx_HAL_Driver/Src/stm32l4xx_hal_qspi.c.obj
                0x0000000008003788                HAL_QSPI_Init
 .text.HAL_QSPI_SetTimeout
                0x0000000008003874       0x1c CMakeFiles/L475PWM.dir/Drivers/STM32L4xx_HAL_Driver/Src/stm32l4xx_hal_qspi.c.obj
                0x0000000008003874                HAL_QSPI_SetTimeout
 .text.QSPI_WaitFlagStateUntilTimeout
                0x0000000008003890       0x6e CMakeFiles/L475PWM.dir/Drivers/STM32L4xx_HAL_Driver/Src/stm32l4xx_hal_qspi.c.obj
 .text.HAL_SPI_Init
                0x00000000080038fe      0x146 CMakeFiles/L475PWM.dir/Drivers/STM32L4xx_HAL_Driver/Src/stm32l4xx_hal_spi.c.obj
                0x00000000080038fe                HAL_SPI_Init
 .text.HAL_TIM_PWM_Init
                0x0000000008003a44       0xae CMakeFiles/L475PWM.dir/Drivers/STM32L4xx_HAL_Driver/Src/stm32l4xx_hal_tim.c.obj
                0x0000000008003a44                HAL_TIM_PWM_Init
 *fill*         0x0000000008003af2        0x2 
 .text.HAL_TIM_PWM_Start
                0x0000000008003af4      0x20c CMakeFiles/L475PWM.dir/Drivers/STM32L4xx_HAL_Driver/Src/stm32l4xx_hal_tim.c.obj
                0x0000000008003af4                HAL_TIM_PWM_Start
 .text.HAL_TIM_PWM_ConfigChannel
                0x0000000008003d00      0x228 CMakeFiles/L475PWM.dir/Drivers/STM32L4xx_HAL_Driver/Src/stm32l4xx_hal_tim.c.obj
                0x0000000008003d00                HAL_TIM_PWM_ConfigChannel
 .text.TIM_Base_SetConfig
                0x0000000008003f28      0x134 CMakeFiles/L475PWM.dir/Drivers/STM32L4xx_HAL_Driver/Src/stm32l4xx_hal_tim.c.obj
                0x0000000008003f28                TIM_Base_SetConfig
 .text.TIM_OC1_SetConfig
                0x000000000800405c      0x120 CMakeFiles/L475PWM.dir/Drivers/STM32L4xx_HAL_Driver/Src/stm32l4xx_hal_tim.c.obj
 .text.TIM_OC2_SetConfig
                0x000000000800417c      0x114 CMakeFiles/L475PWM.dir/Drivers/STM32L4xx_HAL_Driver/Src/stm32l4xx_hal_tim.c.obj
                0x000000000800417c                TIM_OC2_SetConfig
 .text.TIM_OC3_SetConfig
                0x0000000008004290      0x110 CMakeFiles/L475PWM.dir/Drivers/STM32L4xx_HAL_Driver/Src/stm32l4xx_hal_tim.c.obj
 .text.TIM_OC4_SetConfig
                0x00000000080043a0       0xd4 CMakeFiles/L475PWM.dir/Drivers/STM32L4xx_HAL_Driver/Src/stm32l4xx_hal_tim.c.obj
 .text.TIM_OC5_SetConfig
                0x0000000008004474       0xc8 CMakeFiles/L475PWM.dir/Drivers/STM32L4xx_HAL_Driver/Src/stm32l4xx_hal_tim.c.obj
 .text.TIM_OC6_SetConfig
                0x000000000800453c       0xcc CMakeFiles/L475PWM.dir/Drivers/STM32L4xx_HAL_Driver/Src/stm32l4xx_hal_tim.c.obj
 .text.TIM_CCxChannelCmd
                0x0000000008004608       0x4a CMakeFiles/L475PWM.dir/Drivers/STM32L4xx_HAL_Driver/Src/stm32l4xx_hal_tim.c.obj
                0x0000000008004608                TIM_CCxChannelCmd
 *fill*         0x0000000008004652        0x2 
 .text.HAL_TIMEx_MasterConfigSynchronization
                0x0000000008004654      0x110 CMakeFiles/L475PWM.dir/Drivers/STM32L4xx_HAL_Driver/Src/stm32l4xx_hal_tim_ex.c.obj
                0x0000000008004654                HAL_TIMEx_MasterConfigSynchronization
 .text.HAL_TIMEx_ConfigBreakDeadTime
                0x0000000008004764       0xfc CMakeFiles/L475PWM.dir/Drivers/STM32L4xx_HAL_Driver/Src/stm32l4xx_hal_tim_ex.c.obj
                0x0000000008004764                HAL_TIMEx_ConfigBreakDeadTime
 .text.HAL_UART_Init
                0x0000000008004860       0x9c CMakeFiles/L475PWM.dir/Drivers/STM32L4xx_HAL_Driver/Src/stm32l4xx_hal_uart.c.obj
                0x0000000008004860                HAL_UART_Init
 .text.HAL_UART_Transmit
                0x00000000080048fc      0x114 CMakeFiles/L475PWM.dir/Drivers/STM32L4xx_HAL_Driver/Src/stm32l4xx_hal_uart.c.obj
                0x00000000080048fc                HAL_UART_Transmit
 .text.UART_SetConfig
                0x0000000008004a10      0x570 CMakeFiles/L475PWM.dir/Drivers/STM32L4xx_HAL_Driver/Src/stm32l4xx_hal_uart.c.obj
                0x0000000008004a10                UART_SetConfig
 .text.UART_AdvFeatureConfig
                0x0000000008004f80      0x144 CMakeFiles/L475PWM.dir/Drivers/STM32L4xx_HAL_Driver/Src/stm32l4xx_hal_uart.c.obj
                0x0000000008004f80                UART_AdvFeatureConfig
 .text.UART_CheckIdleState
                0x00000000080050c4      0x150 CMakeFiles/L475PWM.dir/Drivers/STM32L4xx_HAL_Driver/Src/stm32l4xx_hal_uart.c.obj
                0x00000000080050c4                UART_CheckIdleState
 .text.UART_WaitOnFlagUntilTimeout
                0x0000000008005214       0xce CMakeFiles/L475PWM.dir/Drivers/STM32L4xx_HAL_Driver/Src/stm32l4xx_hal_uart.c.obj
                0x0000000008005214                UART_WaitOnFlagUntilTimeout
 .text.UART_EndRxTransfer
                0x00000000080052e2       0xc8 CMakeFiles/L475PWM.dir/Drivers/STM32L4xx_HAL_Driver/Src/stm32l4xx_hal_uart.c.obj
 .text.HAL_PCD_Init
                0x00000000080053aa      0x248 CMakeFiles/L475PWM.dir/Drivers/STM32L4xx_HAL_Driver/Src/stm32l4xx_hal_pcd.c.obj
                0x00000000080053aa                HAL_PCD_Init
 .text.HAL_PCDEx_ActivateLPM
                0x00000000080055f2       0x48 CMakeFiles/L475PWM.dir/Drivers/STM32L4xx_HAL_Driver/Src/stm32l4xx_hal_pcd_ex.c.obj
                0x00000000080055f2                HAL_PCDEx_ActivateLPM
 .text.USB_CoreInit
                0x000000000800563a       0x58 CMakeFiles/L475PWM.dir/Drivers/STM32L4xx_HAL_Driver/Src/stm32l4xx_ll_usb.c.obj
                0x000000000800563a                USB_CoreInit
 .text.USB_DisableGlobalInt
                0x0000000008005692       0x22 CMakeFiles/L475PWM.dir/Drivers/STM32L4xx_HAL_Driver/Src/stm32l4xx_ll_usb.c.obj
                0x0000000008005692                USB_DisableGlobalInt
 .text.USB_SetCurrentMode
                0x00000000080056b4       0x98 CMakeFiles/L475PWM.dir/Drivers/STM32L4xx_HAL_Driver/Src/stm32l4xx_ll_usb.c.obj
                0x00000000080056b4                USB_SetCurrentMode
 .text.USB_DevInit
                0x000000000800574c      0x284 CMakeFiles/L475PWM.dir/Drivers/STM32L4xx_HAL_Driver/Src/stm32l4xx_ll_usb.c.obj
                0x000000000800574c                USB_DevInit
 .text.USB_FlushTxFifo
                0x00000000080059d0       0x68 CMakeFiles/L475PWM.dir/Drivers/STM32L4xx_HAL_Driver/Src/stm32l4xx_ll_usb.c.obj
                0x00000000080059d0                USB_FlushTxFifo
 .text.USB_FlushRxFifo
                0x0000000008005a38       0x60 CMakeFiles/L475PWM.dir/Drivers/STM32L4xx_HAL_Driver/Src/stm32l4xx_ll_usb.c.obj
                0x0000000008005a38                USB_FlushRxFifo
 .text.USB_SetDevSpeed
                0x0000000008005a98       0x32 CMakeFiles/L475PWM.dir/Drivers/STM32L4xx_HAL_Driver/Src/stm32l4xx_ll_usb.c.obj
                0x0000000008005a98                USB_SetDevSpeed
 .text.USB_DevDisconnect
                0x0000000008005aca       0x42 CMakeFiles/L475PWM.dir/Drivers/STM32L4xx_HAL_Driver/Src/stm32l4xx_ll_usb.c.obj
                0x0000000008005aca                USB_DevDisconnect
 .text.USB_GetMode
                0x0000000008005b0c       0x1c CMakeFiles/L475PWM.dir/Drivers/STM32L4xx_HAL_Driver/Src/stm32l4xx_ll_usb.c.obj
                0x0000000008005b0c                USB_GetMode
 .text.USB_CoreReset
                0x0000000008005b28       0x68 CMakeFiles/L475PWM.dir/Drivers/STM32L4xx_HAL_Driver/Src/stm32l4xx_ll_usb.c.obj
 .text.SystemInit
                0x0000000008005b90       0x24 CMakeFiles/L475PWM.dir/Core/Src/system_stm32l4xx.c.obj
                0x0000000008005b90                SystemInit
 .text._sbrk    0x0000000008005bb4       0x6c CMakeFiles/L475PWM.dir/Core/Src/sysmem.c.obj
                0x0000000008005bb4                _sbrk
 .text._read    0x0000000008005c20       0x3a CMakeFiles/L475PWM.dir/Core/Src/syscalls.c.obj
                0x0000000008005c20                _read
 .text._write   0x0000000008005c5a       0x38 CMakeFiles/L475PWM.dir/Core/Src/syscalls.c.obj
                0x0000000008005c5a                _write
 .text._close   0x0000000008005c92       0x18 CMakeFiles/L475PWM.dir/Core/Src/syscalls.c.obj
                0x0000000008005c92                _close
 .text._fstat   0x0000000008005caa       0x20 CMakeFiles/L475PWM.dir/Core/Src/syscalls.c.obj
                0x0000000008005caa                _fstat
 .text._isatty  0x0000000008005cca       0x16 CMakeFiles/L475PWM.dir/Core/Src/syscalls.c.obj
                0x0000000008005cca                _isatty
 .text._lseek   0x0000000008005ce0       0x1a CMakeFiles/L475PWM.dir/Core/Src/syscalls.c.obj
                0x0000000008005ce0                _lseek
 *fill*         0x0000000008005cfa        0x2 
 .text.Reset_Handler
                0x0000000008005cfc       0x50 CMakeFiles/L475PWM.dir/startup_stm32l475xx.s.obj
                0x0000000008005cfc                Reset_Handler
 .text.Default_Handler
                0x0000000008005d4c        0x2 CMakeFiles/L475PWM.dir/startup_stm32l475xx.s.obj
                0x0000000008005d4c                RTC_Alarm_IRQHandler
                0x0000000008005d4c                EXTI2_IRQHandler
                0x0000000008005d4c                TIM8_TRG_COM_IRQHandler
                0x0000000008005d4c                TIM8_CC_IRQHandler
                0x0000000008005d4c                TIM1_CC_IRQHandler
                0x0000000008005d4c                TSC_IRQHandler
                0x0000000008005d4c                TAMP_STAMP_IRQHandler
                0x0000000008005d4c                EXTI3_IRQHandler
                0x0000000008005d4c                LPTIM2_IRQHandler
                0x0000000008005d4c                DFSDM1_FLT1_IRQHandler
                0x0000000008005d4c                I2C3_ER_IRQHandler
                0x0000000008005d4c                DFSDM1_FLT2_IRQHandler
                0x0000000008005d4c                EXTI0_IRQHandler
                0x0000000008005d4c                I2C2_EV_IRQHandler
                0x0000000008005d4c                CAN1_RX0_IRQHandler
                0x0000000008005d4c                FPU_IRQHandler
                0x0000000008005d4c                TIM1_UP_TIM16_IRQHandler
                0x0000000008005d4c                ADC1_2_IRQHandler
                0x0000000008005d4c                SPI1_IRQHandler
                0x0000000008005d4c                TIM6_DAC_IRQHandler
                0x0000000008005d4c                TIM8_UP_IRQHandler
                0x0000000008005d4c                DMA2_Channel2_IRQHandler
                0x0000000008005d4c                DMA1_Channel4_IRQHandler
                0x0000000008005d4c                SAI2_IRQHandler
                0x0000000008005d4c                DFSDM1_FLT3_IRQHandler
                0x0000000008005d4c                USART3_IRQHandler
                0x0000000008005d4c                DMA1_Channel7_IRQHandler
                0x0000000008005d4c                CAN1_RX1_IRQHandler
                0x0000000008005d4c                UART5_IRQHandler
                0x0000000008005d4c                ADC3_IRQHandler
                0x0000000008005d4c                TIM4_IRQHandler
                0x0000000008005d4c                DMA2_Channel1_IRQHandler
                0x0000000008005d4c                QUADSPI_IRQHandler
                0x0000000008005d4c                I2C1_EV_IRQHandler
                0x0000000008005d4c                DMA1_Channel6_IRQHandler
                0x0000000008005d4c                UART4_IRQHandler
                0x0000000008005d4c                DMA2_Channel4_IRQHandler
                0x0000000008005d4c                TIM3_IRQHandler
                0x0000000008005d4c                RCC_IRQHandler
                0x0000000008005d4c                DMA1_Channel1_IRQHandler
                0x0000000008005d4c                Default_Handler
                0x0000000008005d4c                DMA2_Channel7_IRQHandler
                0x0000000008005d4c                TIM7_IRQHandler
                0x0000000008005d4c                SDMMC1_IRQHandler
                0x0000000008005d4c                TIM5_IRQHandler
                0x0000000008005d4c                I2C3_EV_IRQHandler
                0x0000000008005d4c                RTC_WKUP_IRQHandler
                0x0000000008005d4c                PVD_PVM_IRQHandler
                0x0000000008005d4c                SPI2_IRQHandler
                0x0000000008005d4c                CAN1_TX_IRQHandler
                0x0000000008005d4c                DMA2_Channel5_IRQHandler
                0x0000000008005d4c                DMA1_Channel5_IRQHandler
                0x0000000008005d4c                EXTI4_IRQHandler
                0x0000000008005d4c                RNG_IRQHandler
                0x0000000008005d4c                TIM1_TRG_COM_TIM17_IRQHandler
                0x0000000008005d4c                DMA1_Channel3_IRQHandler
                0x0000000008005d4c                COMP_IRQHandler
                0x0000000008005d4c                WWDG_IRQHandler
                0x0000000008005d4c                LPUART1_IRQHandler
                0x0000000008005d4c                DMA2_Channel6_IRQHandler
                0x0000000008005d4c                TIM2_IRQHandler
                0x0000000008005d4c                EXTI1_IRQHandler
                0x0000000008005d4c                USART2_IRQHandler
                0x0000000008005d4c                DFSDM1_FLT0_IRQHandler
                0x0000000008005d4c                I2C2_ER_IRQHandler
                0x0000000008005d4c                DMA1_Channel2_IRQHandler
                0x0000000008005d4c                TIM8_BRK_IRQHandler
                0x0000000008005d4c                CAN1_SCE_IRQHandler
                0x0000000008005d4c                FLASH_IRQHandler
                0x0000000008005d4c                USART1_IRQHandler
                0x0000000008005d4c                OTG_FS_IRQHandler
                0x0000000008005d4c                SPI3_IRQHandler
                0x0000000008005d4c                I2C1_ER_IRQHandler
                0x0000000008005d4c                FMC_IRQHandler
                0x0000000008005d4c                SWPMI1_IRQHandler
                0x0000000008005d4c                LPTIM1_IRQHandler
                0x0000000008005d4c                SAI1_IRQHandler
                0x0000000008005d4c                DMA2_Channel3_IRQHandler
                0x0000000008005d4c                TIM1_BRK_TIM15_IRQHandler
 *fill*         0x0000000008005d4e        0x2 
 .text.__errno  0x0000000008005d50        0xc /home/wanchuan/Downloads/gcc-arm-none-eabi-10.3-2021.10/bin/../lib/gcc/arm-none-eabi/10.3.1/../../../../arm-none-eabi/lib/thumb/v7e-m+fp/hard/libg_nano.a(lib_a-errno.o)
                0x0000000008005d50                __errno
 .text.printf   0x0000000008005d5c       0x30 /home/wanchuan/Downloads/gcc-arm-none-eabi-10.3-2021.10/bin/../lib/gcc/arm-none-eabi/10.3.1/../../../../arm-none-eabi/lib/thumb/v7e-m+fp/hard/libg_nano.a(lib_a-printf.o)
                0x0000000008005d5c                printf
                0x0000000008005d5c                iprintf
 .text.__swbuf_r
                0x0000000008005d8c       0xa4 /home/wanchuan/Downloads/gcc-arm-none-eabi-10.3-2021.10/bin/../lib/gcc/arm-none-eabi/10.3.1/../../../../arm-none-eabi/lib/thumb/v7e-m+fp/hard/libg_nano.a(lib_a-wbuf.o)
                0x0000000008005d8c                __swbuf_r
 .text.__swsetup_r
                0x0000000008005e30       0xdc /home/wanchuan/Downloads/gcc-arm-none-eabi-10.3-2021.10/bin/../lib/gcc/arm-none-eabi/10.3.1/../../../../arm-none-eabi/lib/thumb/v7e-m+fp/hard/libg_nano.a(lib_a-wsetup.o)
                0x0000000008005e30                __swsetup_r
 .text.__sflush_r
                0x0000000008005f0c      0x10c /home/wanchuan/Downloads/gcc-arm-none-eabi-10.3-2021.10/bin/../lib/gcc/arm-none-eabi/10.3.1/../../../../arm-none-eabi/lib/thumb/v7e-m+fp/hard/libg_nano.a(lib_a-fflush.o)
                0x0000000008005f0c                __sflush_r
 .text._fflush_r
                0x0000000008006018       0x78 /home/wanchuan/Downloads/gcc-arm-none-eabi-10.3-2021.10/bin/../lib/gcc/arm-none-eabi/10.3.1/../../../../arm-none-eabi/lib/thumb/v7e-m+fp/hard/libg_nano.a(lib_a-fflush.o)
                0x0000000008006018                _fflush_r
 .text.std      0x0000000008006090       0x48 /home/wanchuan/Downloads/gcc-arm-none-eabi-10.3-2021.10/bin/../lib/gcc/arm-none-eabi/10.3.1/../../../../arm-none-eabi/lib/thumb/v7e-m+fp/hard/libg_nano.a(lib_a-findfp.o)
 .text._cleanup_r
                0x00000000080060d8        0xc /home/wanchuan/Downloads/gcc-arm-none-eabi-10.3-2021.10/bin/../lib/gcc/arm-none-eabi/10.3.1/../../../../arm-none-eabi/lib/thumb/v7e-m+fp/hard/libg_nano.a(lib_a-findfp.o)
                0x00000000080060d8                _cleanup_r
 .text.__sfmoreglue
                0x00000000080060e4       0x2c /home/wanchuan/Downloads/gcc-arm-none-eabi-10.3-2021.10/bin/../lib/gcc/arm-none-eabi/10.3.1/../../../../arm-none-eabi/lib/thumb/v7e-m+fp/hard/libg_nano.a(lib_a-findfp.o)
                0x00000000080060e4                __sfmoreglue
 .text.__sfp_lock_acquire
                0x0000000008006110        0xc /home/wanchuan/Downloads/gcc-arm-none-eabi-10.3-2021.10/bin/../lib/gcc/arm-none-eabi/10.3.1/../../../../arm-none-eabi/lib/thumb/v7e-m+fp/hard/libg_nano.a(lib_a-findfp.o)
                0x0000000008006110                __sfp_lock_acquire
 .text.__sfp_lock_release
                0x000000000800611c        0xc /home/wanchuan/Downloads/gcc-arm-none-eabi-10.3-2021.10/bin/../lib/gcc/arm-none-eabi/10.3.1/../../../../arm-none-eabi/lib/thumb/v7e-m+fp/hard/libg_nano.a(lib_a-findfp.o)
                0x000000000800611c                __sfp_lock_release
 .text.__sinit_lock_acquire
                0x0000000008006128        0xc /home/wanchuan/Downloads/gcc-arm-none-eabi-10.3-2021.10/bin/../lib/gcc/arm-none-eabi/10.3.1/../../../../arm-none-eabi/lib/thumb/v7e-m+fp/hard/libg_nano.a(lib_a-findfp.o)
                0x0000000008006128                __sinit_lock_acquire
 .text.__sinit_lock_release
                0x0000000008006134        0xc /home/wanchuan/Downloads/gcc-arm-none-eabi-10.3-2021.10/bin/../lib/gcc/arm-none-eabi/10.3.1/../../../../arm-none-eabi/lib/thumb/v7e-m+fp/hard/libg_nano.a(lib_a-findfp.o)
                0x0000000008006134                __sinit_lock_release
 .text.__sinit  0x0000000008006140       0x70 /home/wanchuan/Downloads/gcc-arm-none-eabi-10.3-2021.10/bin/../lib/gcc/arm-none-eabi/10.3.1/../../../../arm-none-eabi/lib/thumb/v7e-m+fp/hard/libg_nano.a(lib_a-findfp.o)
                0x0000000008006140                __sinit
 .text.__sfp    0x00000000080061b0       0x8c /home/wanchuan/Downloads/gcc-arm-none-eabi-10.3-2021.10/bin/../lib/gcc/arm-none-eabi/10.3.1/../../../../arm-none-eabi/lib/thumb/v7e-m+fp/hard/libg_nano.a(lib_a-findfp.o)
                0x00000000080061b0                __sfp
 .text._fwalk_reent
                0x000000000800623c       0x3e /home/wanchuan/Downloads/gcc-arm-none-eabi-10.3-2021.10/bin/../lib/gcc/arm-none-eabi/10.3.1/../../../../arm-none-eabi/lib/thumb/v7e-m+fp/hard/libg_nano.a(lib_a-fwalk.o)
                0x000000000800623c                _fwalk_reent
 .text.__retarget_lock_init_recursive
                0x000000000800627a        0x2 /home/wanchuan/Downloads/gcc-arm-none-eabi-10.3-2021.10/bin/../lib/gcc/arm-none-eabi/10.3.1/../../../../arm-none-eabi/lib/thumb/v7e-m+fp/hard/libg_nano.a(lib_a-lock.o)
                0x000000000800627a                __retarget_lock_init_recursive
 .text.__retarget_lock_acquire_recursive
                0x000000000800627c        0x2 /home/wanchuan/Downloads/gcc-arm-none-eabi-10.3-2021.10/bin/../lib/gcc/arm-none-eabi/10.3.1/../../../../arm-none-eabi/lib/thumb/v7e-m+fp/hard/libg_nano.a(lib_a-lock.o)
                0x000000000800627c                __retarget_lock_acquire_recursive
 .text.__retarget_lock_release_recursive
                0x000000000800627e        0x2 /home/wanchuan/Downloads/gcc-arm-none-eabi-10.3-2021.10/bin/../lib/gcc/arm-none-eabi/10.3.1/../../../../arm-none-eabi/lib/thumb/v7e-m+fp/hard/libg_nano.a(lib_a-lock.o)
                0x000000000800627e                __retarget_lock_release_recursive
 .text.__swhatbuf_r
                0x0000000008006280       0x4a /home/wanchuan/Downloads/gcc-arm-none-eabi-10.3-2021.10/bin/../lib/gcc/arm-none-eabi/10.3.1/../../../../arm-none-eabi/lib/thumb/v7e-m+fp/hard/libg_nano.a(lib_a-makebuf.o)
                0x0000000008006280                __swhatbuf_r
 *fill*         0x00000000080062ca        0x2 
 .text.__smakebuf_r
                0x00000000080062cc       0x80 /home/wanchuan/Downloads/gcc-arm-none-eabi-10.3-2021.10/bin/../lib/gcc/arm-none-eabi/10.3.1/../../../../arm-none-eabi/lib/thumb/v7e-m+fp/hard/libg_nano.a(lib_a-makebuf.o)
                0x00000000080062cc                __smakebuf_r
 .text._free_r  0x000000000800634c       0x98 /home/wanchuan/Downloads/gcc-arm-none-eabi-10.3-2021.10/bin/../lib/gcc/arm-none-eabi/10.3.1/../../../../arm-none-eabi/lib/thumb/v7e-m+fp/hard/libg_nano.a(lib_a-nano-freer.o)
                0x000000000800634c                _free_r
 .text.sbrk_aligned
                0x00000000080063e4       0x40 /home/wanchuan/Downloads/gcc-arm-none-eabi-10.3-2021.10/bin/../lib/gcc/arm-none-eabi/10.3.1/../../../../arm-none-eabi/lib/thumb/v7e-m+fp/hard/libg_nano.a(lib_a-nano-mallocr.o)
 .text._malloc_r
                0x0000000008006424       0xe8 /home/wanchuan/Downloads/gcc-arm-none-eabi-10.3-2021.10/bin/../lib/gcc/arm-none-eabi/10.3.1/../../../../arm-none-eabi/lib/thumb/v7e-m+fp/hard/libg_nano.a(lib_a-nano-mallocr.o)
                0x0000000008006424                _malloc_r
 .text.__sfputc_r
                0x000000000800650c       0x2e /home/wanchuan/Downloads/gcc-arm-none-eabi-10.3-2021.10/bin/../lib/gcc/arm-none-eabi/10.3.1/../../../../arm-none-eabi/lib/thumb/v7e-m+fp/hard/libg_nano.a(lib_a-nano-vfprintf.o)
 .text.__sfputs_r
                0x000000000800653a       0x24 /home/wanchuan/Downloads/gcc-arm-none-eabi-10.3-2021.10/bin/../lib/gcc/arm-none-eabi/10.3.1/../../../../arm-none-eabi/lib/thumb/v7e-m+fp/hard/libg_nano.a(lib_a-nano-vfprintf.o)
                0x000000000800653a                __sfputs_r
 *fill*         0x000000000800655e        0x2 
 .text._vfprintf_r
                0x0000000008006560      0x260 /home/wanchuan/Downloads/gcc-arm-none-eabi-10.3-2021.10/bin/../lib/gcc/arm-none-eabi/10.3.1/../../../../arm-none-eabi/lib/thumb/v7e-m+fp/hard/libg_nano.a(lib_a-nano-vfprintf.o)
                0x0000000008006560                _vfiprintf_r
                0x0000000008006560                _vfprintf_r
 .text._printf_common
                0x00000000080067c0       0xda /home/wanchuan/Downloads/gcc-arm-none-eabi-10.3-2021.10/bin/../lib/gcc/arm-none-eabi/10.3.1/../../../../arm-none-eabi/lib/thumb/v7e-m+fp/hard/libg_nano.a(lib_a-nano-vfprintf_i.o)
                0x00000000080067c0                _printf_common
 *fill*         0x000000000800689a        0x2 
 .text._printf_i
                0x000000000800689c      0x24c /home/wanchuan/Downloads/gcc-arm-none-eabi-10.3-2021.10/bin/../lib/gcc/arm-none-eabi/10.3.1/../../../../arm-none-eabi/lib/thumb/v7e-m+fp/hard/libg_nano.a(lib_a-nano-vfprintf_i.o)
                0x000000000800689c                _printf_i
 .text._sbrk_r  0x0000000008006ae8       0x20 /home/wanchuan/Downloads/gcc-arm-none-eabi-10.3-2021.10/bin/../lib/gcc/arm-none-eabi/10.3.1/../../../../arm-none-eabi/lib/thumb/v7e-m+fp/hard/libg_nano.a(lib_a-sbrkr.o)
                0x0000000008006ae8                _sbrk_r
 .text.__sread  0x0000000008006b08       0x22 /home/wanchuan/Downloads/gcc-arm-none-eabi-10.3-2021.10/bin/../lib/gcc/arm-none-eabi/10.3.1/../../../../arm-none-eabi/lib/thumb/v7e-m+fp/hard/libg_nano.a(lib_a-stdio.o)
                0x0000000008006b08                __sread
 .text.__swrite
                0x0000000008006b2a       0x38 /home/wanchuan/Downloads/gcc-arm-none-eabi-10.3-2021.10/bin/../lib/gcc/arm-none-eabi/10.3.1/../../../../arm-none-eabi/lib/thumb/v7e-m+fp/hard/libg_nano.a(lib_a-stdio.o)
                0x0000000008006b2a                __swrite
 .text.__sseek  0x0000000008006b62       0x24 /home/wanchuan/Downloads/gcc-arm-none-eabi-10.3-2021.10/bin/../lib/gcc/arm-none-eabi/10.3.1/../../../../arm-none-eabi/lib/thumb/v7e-m+fp/hard/libg_nano.a(lib_a-stdio.o)
                0x0000000008006b62                __sseek
 .text.__sclose
                0x0000000008006b86        0x8 /home/wanchuan/Downloads/gcc-arm-none-eabi-10.3-2021.10/bin/../lib/gcc/arm-none-eabi/10.3.1/../../../../arm-none-eabi/lib/thumb/v7e-m+fp/hard/libg_nano.a(lib_a-stdio.o)
                0x0000000008006b86                __sclose
 *fill*         0x0000000008006b8e        0x2 
 .text._write_r
                0x0000000008006b90       0x24 /home/wanchuan/Downloads/gcc-arm-none-eabi-10.3-2021.10/bin/../lib/gcc/arm-none-eabi/10.3.1/../../../../arm-none-eabi/lib/thumb/v7e-m+fp/hard/libg_nano.a(lib_a-writer.o)
                0x0000000008006b90                _write_r
 .text._close_r
                0x0000000008006bb4       0x20 /home/wanchuan/Downloads/gcc-arm-none-eabi-10.3-2021.10/bin/../lib/gcc/arm-none-eabi/10.3.1/../../../../arm-none-eabi/lib/thumb/v7e-m+fp/hard/libg_nano.a(lib_a-closer.o)
                0x0000000008006bb4                _close_r
 .text._fstat_r
                0x0000000008006bd4       0x24 /home/wanchuan/Downloads/gcc-arm-none-eabi-10.3-2021.10/bin/../lib/gcc/arm-none-eabi/10.3.1/../../../../arm-none-eabi/lib/thumb/v7e-m+fp/hard/libg_nano.a(lib_a-fstatr.o)
                0x0000000008006bd4                _fstat_r
 .text._isatty_r
                0x0000000008006bf8       0x20 /home/wanchuan/Downloads/gcc-arm-none-eabi-10.3-2021.10/bin/../lib/gcc/arm-none-eabi/10.3.1/../../../../arm-none-eabi/lib/thumb/v7e-m+fp/hard/libg_nano.a(lib_a-isattyr.o)
                0x0000000008006bf8                _isatty_r
 .text._lseek_r
                0x0000000008006c18       0x24 /home/wanchuan/Downloads/gcc-arm-none-eabi-10.3-2021.10/bin/../lib/gcc/arm-none-eabi/10.3.1/../../../../arm-none-eabi/lib/thumb/v7e-m+fp/hard/libg_nano.a(lib_a-lseekr.o)
                0x0000000008006c18                _lseek_r
 .text.__malloc_lock
                0x0000000008006c3c        0xc /home/wanchuan/Downloads/gcc-arm-none-eabi-10.3-2021.10/bin/../lib/gcc/arm-none-eabi/10.3.1/../../../../arm-none-eabi/lib/thumb/v7e-m+fp/hard/libg_nano.a(lib_a-mlock.o)
                0x0000000008006c3c                __malloc_lock
 .text.__malloc_unlock
                0x0000000008006c48        0xc /home/wanchuan/Downloads/gcc-arm-none-eabi-10.3-2021.10/bin/../lib/gcc/arm-none-eabi/10.3.1/../../../../arm-none-eabi/lib/thumb/v7e-m+fp/hard/libg_nano.a(lib_a-mlock.o)
                0x0000000008006c48                __malloc_unlock
 .text._read_r  0x0000000008006c54       0x24 /home/wanchuan/Downloads/gcc-arm-none-eabi-10.3-2021.10/bin/../lib/gcc/arm-none-eabi/10.3.1/../../../../arm-none-eabi/lib/thumb/v7e-m+fp/hard/libg_nano.a(lib_a-readr.o)
                0x0000000008006c54                _read_r
 *(.glue_7)
 .glue_7        0x0000000008006c78        0x0 linker stubs
 *(.glue_7t)
 .glue_7t       0x0000000008006c78        0x0 linker stubs
 *(.eh_frame)
 .eh_frame      0x0000000008006c78        0x0 /home/wanchuan/Downloads/gcc-arm-none-eabi-10.3-2021.10/bin/../lib/gcc/arm-none-eabi/10.3.1/thumb/v7e-m+fp/hard/crtbegin.o
 *(.init)
 .init          0x0000000008006c78        0x4 /home/wanchuan/Downloads/gcc-arm-none-eabi-10.3-2021.10/bin/../lib/gcc/arm-none-eabi/10.3.1/thumb/v7e-m+fp/hard/crti.o
                0x0000000008006c78                _init
 .init          0x0000000008006c7c        0x8 /home/wanchuan/Downloads/gcc-arm-none-eabi-10.3-2021.10/bin/../lib/gcc/arm-none-eabi/10.3.1/thumb/v7e-m+fp/hard/crtn.o
 *(.fini)
 .fini          0x0000000008006c84        0x4 /home/wanchuan/Downloads/gcc-arm-none-eabi-10.3-2021.10/bin/../lib/gcc/arm-none-eabi/10.3.1/thumb/v7e-m+fp/hard/crti.o
                0x0000000008006c84                _fini
 .fini          0x0000000008006c88        0x8 /home/wanchuan/Downloads/gcc-arm-none-eabi-10.3-2021.10/bin/../lib/gcc/arm-none-eabi/10.3.1/thumb/v7e-m+fp/hard/crtn.o
                0x0000000008006c90                . = ALIGN (0x8)
                0x0000000008006c90                _etext = .

.vfp11_veneer   0x0000000008006c90        0x0
 .vfp11_veneer  0x0000000008006c90        0x0 linker stubs

.v4_bx          0x0000000008006c90        0x0
 .v4_bx         0x0000000008006c90        0x0 linker stubs

.iplt           0x0000000008006c90        0x0
 .iplt          0x0000000008006c90        0x0 /home/wanchuan/Downloads/gcc-arm-none-eabi-10.3-2021.10/bin/../lib/gcc/arm-none-eabi/10.3.1/thumb/v7e-m+fp/hard/crtbegin.o

.rodata         0x0000000008006c90       0xe8
                0x0000000008006c90                . = ALIGN (0x8)
 *(.rodata)
 .rodata        0x0000000008006c90        0x8 CMakeFiles/L475PWM.dir/Core/Src/main.c.obj
 *(.rodata*)
 .rodata._global_impure_ptr
                0x0000000008006c98        0x4 /home/wanchuan/Downloads/gcc-arm-none-eabi-10.3-2021.10/bin/../lib/gcc/arm-none-eabi/10.3.1/../../../../arm-none-eabi/lib/thumb/v7e-m+fp/hard/libc_nano.a(lib_a-impure.o)
                0x0000000008006c98                _global_impure_ptr
 .rodata.AHBPrescTable
                0x0000000008006c9c       0x10 CMakeFiles/L475PWM.dir/Core/Src/system_stm32l4xx.c.obj
                0x0000000008006c9c                AHBPrescTable
 .rodata.APBPrescTable
                0x0000000008006cac        0x8 CMakeFiles/L475PWM.dir/Core/Src/system_stm32l4xx.c.obj
                0x0000000008006cac                APBPrescTable
 .rodata.MSIRangeTable
                0x0000000008006cb4       0x30 CMakeFiles/L475PWM.dir/Core/Src/system_stm32l4xx.c.obj
                0x0000000008006cb4                MSIRangeTable
 .rodata.__sf_fake_stderr
                0x0000000008006ce4       0x20 /home/wanchuan/Downloads/gcc-arm-none-eabi-10.3-2021.10/bin/../lib/gcc/arm-none-eabi/10.3.1/../../../../arm-none-eabi/lib/thumb/v7e-m+fp/hard/libg_nano.a(lib_a-findfp.o)
                0x0000000008006ce4                __sf_fake_stderr
 .rodata.__sf_fake_stdin
                0x0000000008006d04       0x20 /home/wanchuan/Downloads/gcc-arm-none-eabi-10.3-2021.10/bin/../lib/gcc/arm-none-eabi/10.3.1/../../../../arm-none-eabi/lib/thumb/v7e-m+fp/hard/libg_nano.a(lib_a-findfp.o)
                0x0000000008006d04                __sf_fake_stdin
 .rodata.__sf_fake_stdout
                0x0000000008006d24       0x20 /home/wanchuan/Downloads/gcc-arm-none-eabi-10.3-2021.10/bin/../lib/gcc/arm-none-eabi/10.3.1/../../../../arm-none-eabi/lib/thumb/v7e-m+fp/hard/libg_nano.a(lib_a-findfp.o)
                0x0000000008006d24                __sf_fake_stdout
 .rodata._vfprintf_r.str1.1
                0x0000000008006d44       0x11 /home/wanchuan/Downloads/gcc-arm-none-eabi-10.3-2021.10/bin/../lib/gcc/arm-none-eabi/10.3.1/../../../../arm-none-eabi/lib/thumb/v7e-m+fp/hard/libg_nano.a(lib_a-nano-vfprintf.o)
 .rodata._printf_i.str1.1
                0x0000000008006d55       0x22 /home/wanchuan/Downloads/gcc-arm-none-eabi-10.3-2021.10/bin/../lib/gcc/arm-none-eabi/10.3.1/../../../../arm-none-eabi/lib/thumb/v7e-m+fp/hard/libg_nano.a(lib_a-nano-vfprintf_i.o)
                0x0000000008006d78                . = ALIGN (0x8)
 *fill*         0x0000000008006d77        0x1 

.ARM.extab      0x0000000008006d78        0x0
                0x0000000008006d78                . = ALIGN (0x8)
 *(.ARM.extab* .gnu.linkonce.armextab.*)
                0x0000000008006d78                . = ALIGN (0x8)

.ARM            0x0000000008006d78        0x8
                0x0000000008006d78                . = ALIGN (0x8)
                0x0000000008006d78                __exidx_start = .
 *(.ARM.exidx*)
 .ARM.exidx     0x0000000008006d78        0x8 /home/wanchuan/Downloads/gcc-arm-none-eabi-10.3-2021.10/bin/../lib/gcc/arm-none-eabi/10.3.1/thumb/v7e-m+fp/hard/libgcc.a(_udivmoddi4.o)
                0x0000000008006d80                __exidx_end = .
                0x0000000008006d80                . = ALIGN (0x8)

.rel.dyn        0x0000000008006d80        0x0
 .rel.iplt      0x0000000008006d80        0x0 /home/wanchuan/Downloads/gcc-arm-none-eabi-10.3-2021.10/bin/../lib/gcc/arm-none-eabi/10.3.1/thumb/v7e-m+fp/hard/crtbegin.o

.preinit_array  0x0000000008006d80        0x0
                0x0000000008006d80                . = ALIGN (0x8)
                0x0000000008006d80                PROVIDE (__preinit_array_start = .)
 *(.preinit_array*)
                0x0000000008006d80                PROVIDE (__preinit_array_end = .)
                0x0000000008006d80                . = ALIGN (0x8)

.init_array     0x0000000008006d80        0x8
                0x0000000008006d80                . = ALIGN (0x8)
                0x0000000008006d80                PROVIDE (__init_array_start = .)
 *(SORT_BY_NAME(.init_array.*))
 *(.init_array*)
 .init_array    0x0000000008006d80        0x4 /home/wanchuan/Downloads/gcc-arm-none-eabi-10.3-2021.10/bin/../lib/gcc/arm-none-eabi/10.3.1/thumb/v7e-m+fp/hard/crtbegin.o
                0x0000000008006d84                PROVIDE (__init_array_end = .)
                0x0000000008006d88                . = ALIGN (0x8)
 *fill*         0x0000000008006d84        0x4 

.fini_array     0x0000000008006d88        0x8
                0x0000000008006d88                . = ALIGN (0x8)
                [!provide]                        PROVIDE (__fini_array_start = .)
 *(SORT_BY_NAME(.fini_array.*))
 *(.fini_array*)
 .fini_array    0x0000000008006d88        0x4 /home/wanchuan/Downloads/gcc-arm-none-eabi-10.3-2021.10/bin/../lib/gcc/arm-none-eabi/10.3.1/thumb/v7e-m+fp/hard/crtbegin.o
                [!provide]                        PROVIDE (__fini_array_end = .)
                0x0000000008006d90                . = ALIGN (0x8)
 *fill*         0x0000000008006d8c        0x4 
                0x0000000008006d90                _sidata = LOADADDR (.data)

.data           0x0000000020000000       0x70 load address 0x0000000008006d90
                0x0000000020000000                . = ALIGN (0x8)
                0x0000000020000000                _sdata = .
 *(.data)
 *(.data*)
 .data._impure_ptr
                0x0000000020000000        0x4 /home/wanchuan/Downloads/gcc-arm-none-eabi-10.3-2021.10/bin/../lib/gcc/arm-none-eabi/10.3.1/../../../../arm-none-eabi/lib/thumb/v7e-m+fp/hard/libc_nano.a(lib_a-impure.o)
                0x0000000020000000                _impure_ptr
 .data.impure_data
                0x0000000020000004       0x60 /home/wanchuan/Downloads/gcc-arm-none-eabi-10.3-2021.10/bin/../lib/gcc/arm-none-eabi/10.3.1/../../../../arm-none-eabi/lib/thumb/v7e-m+fp/hard/libc_nano.a(lib_a-impure.o)
 .data.uwTickPrio
                0x0000000020000064        0x4 CMakeFiles/L475PWM.dir/Drivers/STM32L4xx_HAL_Driver/Src/stm32l4xx_hal.c.obj
                0x0000000020000064                uwTickPrio
 .data.uwTickFreq
                0x0000000020000068        0x1 CMakeFiles/L475PWM.dir/Drivers/STM32L4xx_HAL_Driver/Src/stm32l4xx_hal.c.obj
                0x0000000020000068                uwTickFreq
 *fill*         0x0000000020000069        0x3 
 .data.SystemCoreClock
                0x000000002000006c        0x4 CMakeFiles/L475PWM.dir/Core/Src/system_stm32l4xx.c.obj
                0x000000002000006c                SystemCoreClock
                0x0000000020000070                . = ALIGN (0x8)
                0x0000000020000070                _edata = .

.igot.plt       0x0000000020000070        0x0 load address 0x0000000008006e00
 .igot.plt      0x0000000020000070        0x0 /home/wanchuan/Downloads/gcc-arm-none-eabi-10.3-2021.10/bin/../lib/gcc/arm-none-eabi/10.3.1/thumb/v7e-m+fp/hard/crtbegin.o
                0x0000000020000070                . = ALIGN (0x4)

.bss            0x0000000020000070      0x7f8 load address 0x0000000008006e00
                0x0000000020000070                _sbss = .
                0x0000000020000070                __bss_start__ = _sbss
 *(.bss)
 .bss           0x0000000020000070       0x1c /home/wanchuan/Downloads/gcc-arm-none-eabi-10.3-2021.10/bin/../lib/gcc/arm-none-eabi/10.3.1/thumb/v7e-m+fp/hard/crtbegin.o
 *(.bss*)
 .bss.hdfsdm1_channel1
                0x000000002000008c       0x38 CMakeFiles/L475PWM.dir/Core/Src/dfsdm.c.obj
                0x000000002000008c                hdfsdm1_channel1
 .bss.DFSDM1_Init
                0x00000000200000c4        0x4 CMakeFiles/L475PWM.dir/Core/Src/dfsdm.c.obj
 .bss.hi2c2     0x00000000200000c8       0x54 CMakeFiles/L475PWM.dir/Core/Src/i2c.c.obj
                0x00000000200000c8                hi2c2
 .bss.hqspi     0x000000002000011c       0x44 CMakeFiles/L475PWM.dir/Core/Src/quadspi.c.obj
                0x000000002000011c                hqspi
 .bss.hspi3     0x0000000020000160       0x64 CMakeFiles/L475PWM.dir/Core/Src/spi.c.obj
                0x0000000020000160                hspi3
 .bss.htim15    0x00000000200001c4       0x4c CMakeFiles/L475PWM.dir/Core/Src/tim.c.obj
                0x00000000200001c4                htim15
 .bss.huart1    0x0000000020000210       0x88 CMakeFiles/L475PWM.dir/Core/Src/usart.c.obj
                0x0000000020000210                huart1
 .bss.huart3    0x0000000020000298       0x88 CMakeFiles/L475PWM.dir/Core/Src/usart.c.obj
                0x0000000020000298                huart3
 .bss.hpcd_USB_OTG_FS
                0x0000000020000320      0x50c CMakeFiles/L475PWM.dir/Core/Src/usb_otg.c.obj
                0x0000000020000320                hpcd_USB_OTG_FS
 .bss.v_dfsdm1ChannelCounter
                0x000000002000082c        0x4 CMakeFiles/L475PWM.dir/Drivers/STM32L4xx_HAL_Driver/Src/stm32l4xx_hal_dfsdm.c.obj
 .bss.a_dfsdm1ChannelHandle
                0x0000000020000830       0x20 CMakeFiles/L475PWM.dir/Drivers/STM32L4xx_HAL_Driver/Src/stm32l4xx_hal_dfsdm.c.obj
 .bss.uwTick    0x0000000020000850        0x4 CMakeFiles/L475PWM.dir/Drivers/STM32L4xx_HAL_Driver/Src/stm32l4xx_hal.c.obj
                0x0000000020000850                uwTick
 .bss.__sbrk_heap_end
                0x0000000020000854        0x4 CMakeFiles/L475PWM.dir/Core/Src/sysmem.c.obj
 .bss.__lock___malloc_recursive_mutex
                0x0000000020000858        0x1 /home/wanchuan/Downloads/gcc-arm-none-eabi-10.3-2021.10/bin/../lib/gcc/arm-none-eabi/10.3.1/../../../../arm-none-eabi/lib/thumb/v7e-m+fp/hard/libg_nano.a(lib_a-lock.o)
                0x0000000020000858                __lock___malloc_recursive_mutex
 .bss.__lock___sfp_recursive_mutex
                0x0000000020000859        0x1 /home/wanchuan/Downloads/gcc-arm-none-eabi-10.3-2021.10/bin/../lib/gcc/arm-none-eabi/10.3.1/../../../../arm-none-eabi/lib/thumb/v7e-m+fp/hard/libg_nano.a(lib_a-lock.o)
                0x0000000020000859                __lock___sfp_recursive_mutex
 .bss.__lock___sinit_recursive_mutex
                0x000000002000085a        0x1 /home/wanchuan/Downloads/gcc-arm-none-eabi-10.3-2021.10/bin/../lib/gcc/arm-none-eabi/10.3.1/../../../../arm-none-eabi/lib/thumb/v7e-m+fp/hard/libg_nano.a(lib_a-lock.o)
                0x000000002000085a                __lock___sinit_recursive_mutex
 *fill*         0x000000002000085b        0x1 
 .bss.__malloc_free_list
                0x000000002000085c        0x4 /home/wanchuan/Downloads/gcc-arm-none-eabi-10.3-2021.10/bin/../lib/gcc/arm-none-eabi/10.3.1/../../../../arm-none-eabi/lib/thumb/v7e-m+fp/hard/libg_nano.a(lib_a-nano-mallocr.o)
                0x000000002000085c                __malloc_free_list
 .bss.__malloc_sbrk_start
                0x0000000020000860        0x4 /home/wanchuan/Downloads/gcc-arm-none-eabi-10.3-2021.10/bin/../lib/gcc/arm-none-eabi/10.3.1/../../../../arm-none-eabi/lib/thumb/v7e-m+fp/hard/libg_nano.a(lib_a-nano-mallocr.o)
                0x0000000020000860                __malloc_sbrk_start
 .bss.errno     0x0000000020000864        0x4 /home/wanchuan/Downloads/gcc-arm-none-eabi-10.3-2021.10/bin/../lib/gcc/arm-none-eabi/10.3.1/../../../../arm-none-eabi/lib/thumb/v7e-m+fp/hard/libg_nano.a(lib_a-reent.o)
                0x0000000020000864                errno
 *(COMMON)
                0x0000000020000868                . = ALIGN (0x4)
                0x0000000020000868                _ebss = .
                0x0000000020000868                __bss_end__ = _ebss

._user_heap_stack
                0x0000000020000868      0x600 load address 0x0000000008006e00
                0x0000000020000868                . = ALIGN (0x8)
                [!provide]                        PROVIDE (end = .)
                0x0000000020000868                PROVIDE (_end = .)
                0x0000000020000a68                . = (. + _Min_Heap_Size)
 *fill*         0x0000000020000868      0x200 
                0x0000000020000e68                . = (. + _Min_Stack_Size)
 *fill*         0x0000000020000a68      0x400 
                0x0000000020000e68                . = ALIGN (0x8)

/DISCARD/
 libc.a(*)
 libm.a(*)
 libgcc.a(*)

.ARM.attributes
                0x0000000000000000       0x30
 *(.ARM.attributes)
 .ARM.attributes
                0x0000000000000000       0x1e /home/wanchuan/Downloads/gcc-arm-none-eabi-10.3-2021.10/bin/../lib/gcc/arm-none-eabi/10.3.1/thumb/v7e-m+fp/hard/crti.o
 .ARM.attributes
                0x000000000000001e       0x34 /home/wanchuan/Downloads/gcc-arm-none-eabi-10.3-2021.10/bin/../lib/gcc/arm-none-eabi/10.3.1/thumb/v7e-m+fp/hard/crtbegin.o
 .ARM.attributes
                0x0000000000000052       0x34 /home/wanchuan/Downloads/gcc-arm-none-eabi-10.3-2021.10/bin/../lib/gcc/arm-none-eabi/10.3.1/../../../../arm-none-eabi/lib/thumb/v7e-m+fp/hard/libc_nano.a(lib_a-impure.o)
 .ARM.attributes
                0x0000000000000086       0x34 /home/wanchuan/Downloads/gcc-arm-none-eabi-10.3-2021.10/bin/../lib/gcc/arm-none-eabi/10.3.1/../../../../arm-none-eabi/lib/thumb/v7e-m+fp/hard/libc_nano.a(lib_a-init.o)
 .ARM.attributes
                0x00000000000000ba       0x34 /home/wanchuan/Downloads/gcc-arm-none-eabi-10.3-2021.10/bin/../lib/gcc/arm-none-eabi/10.3.1/../../../../arm-none-eabi/lib/thumb/v7e-m+fp/hard/libc_nano.a(lib_a-memset.o)
 .ARM.attributes
                0x00000000000000ee       0x34 CMakeFiles/L475PWM.dir/Core/Src/main.c.obj
 .ARM.attributes
                0x0000000000000122       0x34 CMakeFiles/L475PWM.dir/Core/Src/gpio.c.obj
 .ARM.attributes
                0x0000000000000156       0x34 CMakeFiles/L475PWM.dir/Core/Src/dfsdm.c.obj
 .ARM.attributes
                0x000000000000018a       0x34 CMakeFiles/L475PWM.dir/Core/Src/i2c.c.obj
 .ARM.attributes
                0x00000000000001be       0x34 CMakeFiles/L475PWM.dir/Core/Src/quadspi.c.obj
 .ARM.attributes
                0x00000000000001f2       0x34 CMakeFiles/L475PWM.dir/Core/Src/spi.c.obj
 .ARM.attributes
                0x0000000000000226       0x34 CMakeFiles/L475PWM.dir/Core/Src/tim.c.obj
 .ARM.attributes
                0x000000000000025a       0x34 CMakeFiles/L475PWM.dir/Core/Src/usart.c.obj
 .ARM.attributes
                0x000000000000028e       0x34 CMakeFiles/L475PWM.dir/Core/Src/usb_otg.c.obj
 .ARM.attributes
                0x00000000000002c2       0x34 CMakeFiles/L475PWM.dir/Core/Src/stm32l4xx_it.c.obj
 .ARM.attributes
                0x00000000000002f6       0x34 CMakeFiles/L475PWM.dir/Core/Src/stm32l4xx_hal_msp.c.obj
 .ARM.attributes
                0x000000000000032a       0x34 CMakeFiles/L475PWM.dir/Drivers/STM32L4xx_HAL_Driver/Src/stm32l4xx_hal_dfsdm.c.obj
 .ARM.attributes
                0x000000000000035e       0x34 CMakeFiles/L475PWM.dir/Drivers/STM32L4xx_HAL_Driver/Src/stm32l4xx_hal.c.obj
 .ARM.attributes
                0x0000000000000392       0x34 CMakeFiles/L475PWM.dir/Drivers/STM32L4xx_HAL_Driver/Src/stm32l4xx_hal_rcc.c.obj
 .ARM.attributes
                0x00000000000003c6       0x34 CMakeFiles/L475PWM.dir/Drivers/STM32L4xx_HAL_Driver/Src/stm32l4xx_hal_rcc_ex.c.obj
 .ARM.attributes
                0x00000000000003fa       0x34 CMakeFiles/L475PWM.dir/Drivers/STM32L4xx_HAL_Driver/Src/stm32l4xx_hal_gpio.c.obj
 .ARM.attributes
                0x000000000000042e       0x34 CMakeFiles/L475PWM.dir/Drivers/STM32L4xx_HAL_Driver/Src/stm32l4xx_hal_i2c.c.obj
 .ARM.attributes
                0x0000000000000462       0x34 CMakeFiles/L475PWM.dir/Drivers/STM32L4xx_HAL_Driver/Src/stm32l4xx_hal_i2c_ex.c.obj
 .ARM.attributes
                0x0000000000000496       0x34 CMakeFiles/L475PWM.dir/Drivers/STM32L4xx_HAL_Driver/Src/stm32l4xx_hal_pwr.c.obj
 .ARM.attributes
                0x00000000000004ca       0x34 CMakeFiles/L475PWM.dir/Drivers/STM32L4xx_HAL_Driver/Src/stm32l4xx_hal_pwr_ex.c.obj
 .ARM.attributes
                0x00000000000004fe       0x34 CMakeFiles/L475PWM.dir/Drivers/STM32L4xx_HAL_Driver/Src/stm32l4xx_hal_cortex.c.obj
 .ARM.attributes
                0x0000000000000532       0x34 CMakeFiles/L475PWM.dir/Drivers/STM32L4xx_HAL_Driver/Src/stm32l4xx_hal_qspi.c.obj
 .ARM.attributes
                0x0000000000000566       0x34 CMakeFiles/L475PWM.dir/Drivers/STM32L4xx_HAL_Driver/Src/stm32l4xx_hal_spi.c.obj
 .ARM.attributes
                0x000000000000059a       0x34 CMakeFiles/L475PWM.dir/Drivers/STM32L4xx_HAL_Driver/Src/stm32l4xx_hal_tim.c.obj
 .ARM.attributes
                0x00000000000005ce       0x34 CMakeFiles/L475PWM.dir/Drivers/STM32L4xx_HAL_Driver/Src/stm32l4xx_hal_tim_ex.c.obj
 .ARM.attributes
                0x0000000000000602       0x34 CMakeFiles/L475PWM.dir/Drivers/STM32L4xx_HAL_Driver/Src/stm32l4xx_hal_uart.c.obj
 .ARM.attributes
                0x0000000000000636       0x34 CMakeFiles/L475PWM.dir/Drivers/STM32L4xx_HAL_Driver/Src/stm32l4xx_hal_pcd.c.obj
 .ARM.attributes
                0x000000000000066a       0x34 CMakeFiles/L475PWM.dir/Drivers/STM32L4xx_HAL_Driver/Src/stm32l4xx_hal_pcd_ex.c.obj
 .ARM.attributes
                0x000000000000069e       0x34 CMakeFiles/L475PWM.dir/Drivers/STM32L4xx_HAL_Driver/Src/stm32l4xx_ll_usb.c.obj
 .ARM.attributes
                0x00000000000006d2       0x34 CMakeFiles/L475PWM.dir/Core/Src/system_stm32l4xx.c.obj
 .ARM.attributes
                0x0000000000000706       0x34 CMakeFiles/L475PWM.dir/Core/Src/sysmem.c.obj
 .ARM.attributes
                0x000000000000073a       0x34 CMakeFiles/L475PWM.dir/Core/Src/syscalls.c.obj
 .ARM.attributes
                0x000000000000076e       0x21 CMakeFiles/L475PWM.dir/startup_stm32l475xx.s.obj
 .ARM.attributes
                0x000000000000078f       0x1e /home/wanchuan/Downloads/gcc-arm-none-eabi-10.3-2021.10/bin/../lib/gcc/arm-none-eabi/10.3.1/thumb/v7e-m+fp/hard/libgcc.a(_aeabi_uldivmod.o)
 .ARM.attributes
                0x00000000000007ad       0x34 /home/wanchuan/Downloads/gcc-arm-none-eabi-10.3-2021.10/bin/../lib/gcc/arm-none-eabi/10.3.1/thumb/v7e-m+fp/hard/libgcc.a(_udivmoddi4.o)
 .ARM.attributes
                0x00000000000007e1       0x1e /home/wanchuan/Downloads/gcc-arm-none-eabi-10.3-2021.10/bin/../lib/gcc/arm-none-eabi/10.3.1/thumb/v7e-m+fp/hard/libgcc.a(_dvmd_tls.o)
 .ARM.attributes
                0x00000000000007ff       0x34 /home/wanchuan/Downloads/gcc-arm-none-eabi-10.3-2021.10/bin/../lib/gcc/arm-none-eabi/10.3.1/../../../../arm-none-eabi/lib/thumb/v7e-m+fp/hard/libg_nano.a(lib_a-errno.o)
 .ARM.attributes
                0x0000000000000833       0x34 /home/wanchuan/Downloads/gcc-arm-none-eabi-10.3-2021.10/bin/../lib/gcc/arm-none-eabi/10.3.1/../../../../arm-none-eabi/lib/thumb/v7e-m+fp/hard/libg_nano.a(lib_a-printf.o)
 .ARM.attributes
                0x0000000000000867       0x34 /home/wanchuan/Downloads/gcc-arm-none-eabi-10.3-2021.10/bin/../lib/gcc/arm-none-eabi/10.3.1/../../../../arm-none-eabi/lib/thumb/v7e-m+fp/hard/libg_nano.a(lib_a-wbuf.o)
 .ARM.attributes
                0x000000000000089b       0x34 /home/wanchuan/Downloads/gcc-arm-none-eabi-10.3-2021.10/bin/../lib/gcc/arm-none-eabi/10.3.1/../../../../arm-none-eabi/lib/thumb/v7e-m+fp/hard/libg_nano.a(lib_a-wsetup.o)
 .ARM.attributes
                0x00000000000008cf       0x34 /home/wanchuan/Downloads/gcc-arm-none-eabi-10.3-2021.10/bin/../lib/gcc/arm-none-eabi/10.3.1/../../../../arm-none-eabi/lib/thumb/v7e-m+fp/hard/libg_nano.a(lib_a-fflush.o)
 .ARM.attributes
                0x0000000000000903       0x34 /home/wanchuan/Downloads/gcc-arm-none-eabi-10.3-2021.10/bin/../lib/gcc/arm-none-eabi/10.3.1/../../../../arm-none-eabi/lib/thumb/v7e-m+fp/hard/libg_nano.a(lib_a-findfp.o)
 .ARM.attributes
                0x0000000000000937       0x34 /home/wanchuan/Downloads/gcc-arm-none-eabi-10.3-2021.10/bin/../lib/gcc/arm-none-eabi/10.3.1/../../../../arm-none-eabi/lib/thumb/v7e-m+fp/hard/libg_nano.a(lib_a-fwalk.o)
 .ARM.attributes
                0x000000000000096b       0x34 /home/wanchuan/Downloads/gcc-arm-none-eabi-10.3-2021.10/bin/../lib/gcc/arm-none-eabi/10.3.1/../../../../arm-none-eabi/lib/thumb/v7e-m+fp/hard/libg_nano.a(lib_a-lock.o)
 .ARM.attributes
                0x000000000000099f       0x34 /home/wanchuan/Downloads/gcc-arm-none-eabi-10.3-2021.10/bin/../lib/gcc/arm-none-eabi/10.3.1/../../../../arm-none-eabi/lib/thumb/v7e-m+fp/hard/libg_nano.a(lib_a-makebuf.o)
 .ARM.attributes
                0x00000000000009d3       0x34 /home/wanchuan/Downloads/gcc-arm-none-eabi-10.3-2021.10/bin/../lib/gcc/arm-none-eabi/10.3.1/../../../../arm-none-eabi/lib/thumb/v7e-m+fp/hard/libg_nano.a(lib_a-nano-freer.o)
 .ARM.attributes
                0x0000000000000a07       0x34 /home/wanchuan/Downloads/gcc-arm-none-eabi-10.3-2021.10/bin/../lib/gcc/arm-none-eabi/10.3.1/../../../../arm-none-eabi/lib/thumb/v7e-m+fp/hard/libg_nano.a(lib_a-nano-mallocr.o)
 .ARM.attributes
                0x0000000000000a3b       0x34 /home/wanchuan/Downloads/gcc-arm-none-eabi-10.3-2021.10/bin/../lib/gcc/arm-none-eabi/10.3.1/../../../../arm-none-eabi/lib/thumb/v7e-m+fp/hard/libg_nano.a(lib_a-nano-vfprintf.o)
 .ARM.attributes
                0x0000000000000a6f       0x34 /home/wanchuan/Downloads/gcc-arm-none-eabi-10.3-2021.10/bin/../lib/gcc/arm-none-eabi/10.3.1/../../../../arm-none-eabi/lib/thumb/v7e-m+fp/hard/libg_nano.a(lib_a-nano-vfprintf_i.o)
 .ARM.attributes
                0x0000000000000aa3       0x34 /home/wanchuan/Downloads/gcc-arm-none-eabi-10.3-2021.10/bin/../lib/gcc/arm-none-eabi/10.3.1/../../../../arm-none-eabi/lib/thumb/v7e-m+fp/hard/libg_nano.a(lib_a-sbrkr.o)
 .ARM.attributes
                0x0000000000000ad7       0x34 /home/wanchuan/Downloads/gcc-arm-none-eabi-10.3-2021.10/bin/../lib/gcc/arm-none-eabi/10.3.1/../../../../arm-none-eabi/lib/thumb/v7e-m+fp/hard/libg_nano.a(lib_a-stdio.o)
 .ARM.attributes
                0x0000000000000b0b       0x34 /home/wanchuan/Downloads/gcc-arm-none-eabi-10.3-2021.10/bin/../lib/gcc/arm-none-eabi/10.3.1/../../../../arm-none-eabi/lib/thumb/v7e-m+fp/hard/libg_nano.a(lib_a-writer.o)
 .ARM.attributes
                0x0000000000000b3f       0x34 /home/wanchuan/Downloads/gcc-arm-none-eabi-10.3-2021.10/bin/../lib/gcc/arm-none-eabi/10.3.1/../../../../arm-none-eabi/lib/thumb/v7e-m+fp/hard/libg_nano.a(lib_a-closer.o)
 .ARM.attributes
                0x0000000000000b73       0x34 /home/wanchuan/Downloads/gcc-arm-none-eabi-10.3-2021.10/bin/../lib/gcc/arm-none-eabi/10.3.1/../../../../arm-none-eabi/lib/thumb/v7e-m+fp/hard/libg_nano.a(lib_a-fstatr.o)
 .ARM.attributes
                0x0000000000000ba7       0x34 /home/wanchuan/Downloads/gcc-arm-none-eabi-10.3-2021.10/bin/../lib/gcc/arm-none-eabi/10.3.1/../../../../arm-none-eabi/lib/thumb/v7e-m+fp/hard/libg_nano.a(lib_a-isattyr.o)
 .ARM.attributes
                0x0000000000000bdb       0x34 /home/wanchuan/Downloads/gcc-arm-none-eabi-10.3-2021.10/bin/../lib/gcc/arm-none-eabi/10.3.1/../../../../arm-none-eabi/lib/thumb/v7e-m+fp/hard/libg_nano.a(lib_a-lseekr.o)
 .ARM.attributes
                0x0000000000000c0f       0x1c /home/wanchuan/Downloads/gcc-arm-none-eabi-10.3-2021.10/bin/../lib/gcc/arm-none-eabi/10.3.1/../../../../arm-none-eabi/lib/thumb/v7e-m+fp/hard/libg_nano.a(lib_a-memchr.o)
 .ARM.attributes
                0x0000000000000c2b       0x34 /home/wanchuan/Downloads/gcc-arm-none-eabi-10.3-2021.10/bin/../lib/gcc/arm-none-eabi/10.3.1/../../../../arm-none-eabi/lib/thumb/v7e-m+fp/hard/libg_nano.a(lib_a-mlock.o)
 .ARM.attributes
                0x0000000000000c5f       0x34 /home/wanchuan/Downloads/gcc-arm-none-eabi-10.3-2021.10/bin/../lib/gcc/arm-none-eabi/10.3.1/../../../../arm-none-eabi/lib/thumb/v7e-m+fp/hard/libg_nano.a(lib_a-readr.o)
 .ARM.attributes
                0x0000000000000c93       0x34 /home/wanchuan/Downloads/gcc-arm-none-eabi-10.3-2021.10/bin/../lib/gcc/arm-none-eabi/10.3.1/../../../../arm-none-eabi/lib/thumb/v7e-m+fp/hard/libg_nano.a(lib_a-reent.o)
 .ARM.attributes
                0x0000000000000cc7       0x1e /home/wanchuan/Downloads/gcc-arm-none-eabi-10.3-2021.10/bin/../lib/gcc/arm-none-eabi/10.3.1/thumb/v7e-m+fp/hard/crtn.o
OUTPUT(L475PWM.elf elf32-littlearm)
LOAD linker stubs
LOAD /home/wanchuan/Downloads/gcc-arm-none-eabi-10.3-2021.10/bin/../lib/gcc/arm-none-eabi/10.3.1/../../../../arm-none-eabi/lib/thumb/v7e-m+fp/hard/libc.a
LOAD /home/wanchuan/Downloads/gcc-arm-none-eabi-10.3-2021.10/bin/../lib/gcc/arm-none-eabi/10.3.1/../../../../arm-none-eabi/lib/thumb/v7e-m+fp/hard/libm.a
LOAD /home/wanchuan/Downloads/gcc-arm-none-eabi-10.3-2021.10/bin/../lib/gcc/arm-none-eabi/10.3.1/thumb/v7e-m+fp/hard/libgcc.a

.debug_frame    0x0000000000000000     0x804c
 .debug_frame   0x0000000000000000       0x2c /home/wanchuan/Downloads/gcc-arm-none-eabi-10.3-2021.10/bin/../lib/gcc/arm-none-eabi/10.3.1/../../../../arm-none-eabi/lib/thumb/v7e-m+fp/hard/libc_nano.a(lib_a-init.o)
 .debug_frame   0x000000000000002c       0x20 /home/wanchuan/Downloads/gcc-arm-none-eabi-10.3-2021.10/bin/../lib/gcc/arm-none-eabi/10.3.1/../../../../arm-none-eabi/lib/thumb/v7e-m+fp/hard/libc_nano.a(lib_a-memset.o)
 .debug_frame   0x000000000000004c       0x90 CMakeFiles/L475PWM.dir/Core/Src/main.c.obj
 .debug_frame   0x00000000000000dc       0x38 CMakeFiles/L475PWM.dir/Core/Src/gpio.c.obj
 .debug_frame   0x0000000000000114       0x78 CMakeFiles/L475PWM.dir/Core/Src/dfsdm.c.obj
 .debug_frame   0x000000000000018c       0x78 CMakeFiles/L475PWM.dir/Core/Src/i2c.c.obj
 .debug_frame   0x0000000000000204       0x74 CMakeFiles/L475PWM.dir/Core/Src/quadspi.c.obj
 .debug_frame   0x0000000000000278       0x74 CMakeFiles/L475PWM.dir/Core/Src/spi.c.obj
 .debug_frame   0x00000000000002ec       0xa8 CMakeFiles/L475PWM.dir/Core/Src/tim.c.obj
 .debug_frame   0x0000000000000394       0x94 CMakeFiles/L475PWM.dir/Core/Src/usart.c.obj
 .debug_frame   0x0000000000000428       0x78 CMakeFiles/L475PWM.dir/Core/Src/usb_otg.c.obj
 .debug_frame   0x00000000000004a0      0x13c CMakeFiles/L475PWM.dir/Core/Src/stm32l4xx_it.c.obj
 .debug_frame   0x00000000000005dc       0x38 CMakeFiles/L475PWM.dir/Core/Src/stm32l4xx_hal_msp.c.obj
 .debug_frame   0x0000000000000614      0xa78 CMakeFiles/L475PWM.dir/Drivers/STM32L4xx_HAL_Driver/Src/stm32l4xx_hal_dfsdm.c.obj
 .debug_frame   0x000000000000108c      0x498 CMakeFiles/L475PWM.dir/Drivers/STM32L4xx_HAL_Driver/Src/stm32l4xx_hal.c.obj
 .debug_frame   0x0000000000001524      0x21c CMakeFiles/L475PWM.dir/Drivers/STM32L4xx_HAL_Driver/Src/stm32l4xx_hal_rcc.c.obj
 .debug_frame   0x0000000000001740      0x2fc CMakeFiles/L475PWM.dir/Drivers/STM32L4xx_HAL_Driver/Src/stm32l4xx_hal_rcc_ex.c.obj
 .debug_frame   0x0000000000001a3c      0x14c CMakeFiles/L475PWM.dir/Drivers/STM32L4xx_HAL_Driver/Src/stm32l4xx_hal_gpio.c.obj
 .debug_frame   0x0000000000001b88      0xc38 CMakeFiles/L475PWM.dir/Drivers/STM32L4xx_HAL_Driver/Src/stm32l4xx_hal_i2c.c.obj
 .debug_frame   0x00000000000027c0      0x100 CMakeFiles/L475PWM.dir/Drivers/STM32L4xx_HAL_Driver/Src/stm32l4xx_hal_i2c_ex.c.obj
 .debug_frame   0x00000000000028c0      0x230 CMakeFiles/L475PWM.dir/Drivers/STM32L4xx_HAL_Driver/Src/stm32l4xx_hal_pwr.c.obj
 .debug_frame   0x0000000000002af0      0x544 CMakeFiles/L475PWM.dir/Drivers/STM32L4xx_HAL_Driver/Src/stm32l4xx_hal_pwr_ex.c.obj
 .debug_frame   0x0000000000003034      0x498 CMakeFiles/L475PWM.dir/Drivers/STM32L4xx_HAL_Driver/Src/stm32l4xx_hal_cortex.c.obj
 .debug_frame   0x00000000000034cc      0x658 CMakeFiles/L475PWM.dir/Drivers/STM32L4xx_HAL_Driver/Src/stm32l4xx_hal_qspi.c.obj
 .debug_frame   0x0000000000003b24      0x860 CMakeFiles/L475PWM.dir/Drivers/STM32L4xx_HAL_Driver/Src/stm32l4xx_hal_spi.c.obj
 .debug_frame   0x0000000000004384     0x1218 CMakeFiles/L475PWM.dir/Drivers/STM32L4xx_HAL_Driver/Src/stm32l4xx_hal_tim.c.obj
 .debug_frame   0x000000000000559c      0x6b0 CMakeFiles/L475PWM.dir/Drivers/STM32L4xx_HAL_Driver/Src/stm32l4xx_hal_tim_ex.c.obj
 .debug_frame   0x0000000000005c4c      0x9f4 CMakeFiles/L475PWM.dir/Drivers/STM32L4xx_HAL_Driver/Src/stm32l4xx_hal_uart.c.obj
 .debug_frame   0x0000000000006640      0x568 CMakeFiles/L475PWM.dir/Drivers/STM32L4xx_HAL_Driver/Src/stm32l4xx_hal_pcd.c.obj
 .debug_frame   0x0000000000006ba8      0x174 CMakeFiles/L475PWM.dir/Drivers/STM32L4xx_HAL_Driver/Src/stm32l4xx_hal_pcd_ex.c.obj
 .debug_frame   0x0000000000006d1c      0x7bc CMakeFiles/L475PWM.dir/Drivers/STM32L4xx_HAL_Driver/Src/stm32l4xx_ll_usb.c.obj
 .debug_frame   0x00000000000074d8       0x58 CMakeFiles/L475PWM.dir/Core/Src/system_stm32l4xx.c.obj
 .debug_frame   0x0000000000007530       0x34 CMakeFiles/L475PWM.dir/Core/Src/sysmem.c.obj
 .debug_frame   0x0000000000007564      0x2ac CMakeFiles/L475PWM.dir/Core/Src/syscalls.c.obj
 .debug_frame   0x0000000000007810       0x2c /home/wanchuan/Downloads/gcc-arm-none-eabi-10.3-2021.10/bin/../lib/gcc/arm-none-eabi/10.3.1/thumb/v7e-m+fp/hard/libgcc.a(_aeabi_uldivmod.o)
 .debug_frame   0x000000000000783c       0x34 /home/wanchuan/Downloads/gcc-arm-none-eabi-10.3-2021.10/bin/../lib/gcc/arm-none-eabi/10.3.1/thumb/v7e-m+fp/hard/libgcc.a(_udivmoddi4.o)
 .debug_frame   0x0000000000007870       0x20 /home/wanchuan/Downloads/gcc-arm-none-eabi-10.3-2021.10/bin/../lib/gcc/arm-none-eabi/10.3.1/../../../../arm-none-eabi/lib/thumb/v7e-m+fp/hard/libg_nano.a(lib_a-errno.o)
 .debug_frame   0x0000000000007890       0x74 /home/wanchuan/Downloads/gcc-arm-none-eabi-10.3-2021.10/bin/../lib/gcc/arm-none-eabi/10.3.1/../../../../arm-none-eabi/lib/thumb/v7e-m+fp/hard/libg_nano.a(lib_a-printf.o)
 .debug_frame   0x0000000000007904       0x40 /home/wanchuan/Downloads/gcc-arm-none-eabi-10.3-2021.10/bin/../lib/gcc/arm-none-eabi/10.3.1/../../../../arm-none-eabi/lib/thumb/v7e-m+fp/hard/libg_nano.a(lib_a-wbuf.o)
 .debug_frame   0x0000000000007944       0x2c /home/wanchuan/Downloads/gcc-arm-none-eabi-10.3-2021.10/bin/../lib/gcc/arm-none-eabi/10.3.1/../../../../arm-none-eabi/lib/thumb/v7e-m+fp/hard/libg_nano.a(lib_a-wsetup.o)
 .debug_frame   0x0000000000007970       0x5c /home/wanchuan/Downloads/gcc-arm-none-eabi-10.3-2021.10/bin/../lib/gcc/arm-none-eabi/10.3.1/../../../../arm-none-eabi/lib/thumb/v7e-m+fp/hard/libg_nano.a(lib_a-fflush.o)
 .debug_frame   0x00000000000079cc      0x14c /home/wanchuan/Downloads/gcc-arm-none-eabi-10.3-2021.10/bin/../lib/gcc/arm-none-eabi/10.3.1/../../../../arm-none-eabi/lib/thumb/v7e-m+fp/hard/libg_nano.a(lib_a-findfp.o)
 .debug_frame   0x0000000000007b18       0x54 /home/wanchuan/Downloads/gcc-arm-none-eabi-10.3-2021.10/bin/../lib/gcc/arm-none-eabi/10.3.1/../../../../arm-none-eabi/lib/thumb/v7e-m+fp/hard/libg_nano.a(lib_a-fwalk.o)
 .debug_frame   0x0000000000007b6c       0xb0 /home/wanchuan/Downloads/gcc-arm-none-eabi-10.3-2021.10/bin/../lib/gcc/arm-none-eabi/10.3.1/../../../../arm-none-eabi/lib/thumb/v7e-m+fp/hard/libg_nano.a(lib_a-lock.o)
 .debug_frame   0x0000000000007c1c       0x58 /home/wanchuan/Downloads/gcc-arm-none-eabi-10.3-2021.10/bin/../lib/gcc/arm-none-eabi/10.3.1/../../../../arm-none-eabi/lib/thumb/v7e-m+fp/hard/libg_nano.a(lib_a-makebuf.o)
 .debug_frame   0x0000000000007c74       0x38 /home/wanchuan/Downloads/gcc-arm-none-eabi-10.3-2021.10/bin/../lib/gcc/arm-none-eabi/10.3.1/../../../../arm-none-eabi/lib/thumb/v7e-m+fp/hard/libg_nano.a(lib_a-nano-freer.o)
 .debug_frame   0x0000000000007cac       0x4c /home/wanchuan/Downloads/gcc-arm-none-eabi-10.3-2021.10/bin/../lib/gcc/arm-none-eabi/10.3.1/../../../../arm-none-eabi/lib/thumb/v7e-m+fp/hard/libg_nano.a(lib_a-nano-mallocr.o)
 .debug_frame   0x0000000000007cf8       0xac /home/wanchuan/Downloads/gcc-arm-none-eabi-10.3-2021.10/bin/../lib/gcc/arm-none-eabi/10.3.1/../../../../arm-none-eabi/lib/thumb/v7e-m+fp/hard/libg_nano.a(lib_a-nano-vfprintf.o)
 .debug_frame   0x0000000000007da4       0x60 /home/wanchuan/Downloads/gcc-arm-none-eabi-10.3-2021.10/bin/../lib/gcc/arm-none-eabi/10.3.1/../../../../arm-none-eabi/lib/thumb/v7e-m+fp/hard/libg_nano.a(lib_a-nano-vfprintf_i.o)
 .debug_frame   0x0000000000007e04       0x2c /home/wanchuan/Downloads/gcc-arm-none-eabi-10.3-2021.10/bin/../lib/gcc/arm-none-eabi/10.3.1/../../../../arm-none-eabi/lib/thumb/v7e-m+fp/hard/libg_nano.a(lib_a-sbrkr.o)
 .debug_frame   0x0000000000007e30       0x88 /home/wanchuan/Downloads/gcc-arm-none-eabi-10.3-2021.10/bin/../lib/gcc/arm-none-eabi/10.3.1/../../../../arm-none-eabi/lib/thumb/v7e-m+fp/hard/libg_nano.a(lib_a-stdio.o)
 .debug_frame   0x0000000000007eb8       0x2c /home/wanchuan/Downloads/gcc-arm-none-eabi-10.3-2021.10/bin/../lib/gcc/arm-none-eabi/10.3.1/../../../../arm-none-eabi/lib/thumb/v7e-m+fp/hard/libg_nano.a(lib_a-writer.o)
 .debug_frame   0x0000000000007ee4       0x2c /home/wanchuan/Downloads/gcc-arm-none-eabi-10.3-2021.10/bin/../lib/gcc/arm-none-eabi/10.3.1/../../../../arm-none-eabi/lib/thumb/v7e-m+fp/hard/libg_nano.a(lib_a-closer.o)
 .debug_frame   0x0000000000007f10       0x2c /home/wanchuan/Downloads/gcc-arm-none-eabi-10.3-2021.10/bin/../lib/gcc/arm-none-eabi/10.3.1/../../../../arm-none-eabi/lib/thumb/v7e-m+fp/hard/libg_nano.a(lib_a-fstatr.o)
 .debug_frame   0x0000000000007f3c       0x2c /home/wanchuan/Downloads/gcc-arm-none-eabi-10.3-2021.10/bin/../lib/gcc/arm-none-eabi/10.3.1/../../../../arm-none-eabi/lib/thumb/v7e-m+fp/hard/libg_nano.a(lib_a-isattyr.o)
 .debug_frame   0x0000000000007f68       0x2c /home/wanchuan/Downloads/gcc-arm-none-eabi-10.3-2021.10/bin/../lib/gcc/arm-none-eabi/10.3.1/../../../../arm-none-eabi/lib/thumb/v7e-m+fp/hard/libg_nano.a(lib_a-lseekr.o)
 .debug_frame   0x0000000000007f94       0x30 /home/wanchuan/Downloads/gcc-arm-none-eabi-10.3-2021.10/bin/../lib/gcc/arm-none-eabi/10.3.1/../../../../arm-none-eabi/lib/thumb/v7e-m+fp/hard/libg_nano.a(lib_a-mlock.o)
 .debug_frame   0x0000000000007fc4       0x2c /home/wanchuan/Downloads/gcc-arm-none-eabi-10.3-2021.10/bin/../lib/gcc/arm-none-eabi/10.3.1/../../../../arm-none-eabi/lib/thumb/v7e-m+fp/hard/libg_nano.a(lib_a-readr.o)
 .debug_frame   0x0000000000007ff0       0x5c /home/wanchuan/Downloads/gcc-arm-none-eabi-10.3-2021.10/bin/../lib/gcc/arm-none-eabi/10.3.1/../../../../arm-none-eabi/lib/thumb/v7e-m+fp/hard/libg_nano.a(lib_a-reent.o)

.debug_info     0x0000000000000000    0x1efa7
 .debug_info    0x0000000000000000      0xffa CMakeFiles/L475PWM.dir/Core/Src/main.c.obj
 .debug_info    0x0000000000000ffa      0x6fc CMakeFiles/L475PWM.dir/Core/Src/gpio.c.obj
 .debug_info    0x00000000000016f6      0x97f CMakeFiles/L475PWM.dir/Core/Src/dfsdm.c.obj
 .debug_info    0x0000000000002075      0xc67 CMakeFiles/L475PWM.dir/Core/Src/i2c.c.obj
 .debug_info    0x0000000000002cdc      0x98d CMakeFiles/L475PWM.dir/Core/Src/quadspi.c.obj
 .debug_info    0x0000000000003669      0x9d2 CMakeFiles/L475PWM.dir/Core/Src/spi.c.obj
 .debug_info    0x000000000000403b      0xc96 CMakeFiles/L475PWM.dir/Core/Src/tim.c.obj
 .debug_info    0x0000000000004cd1      0xd5a CMakeFiles/L475PWM.dir/Core/Src/usart.c.obj
 .debug_info    0x0000000000005a2b      0xcb5 CMakeFiles/L475PWM.dir/Core/Src/usb_otg.c.obj
 .debug_info    0x00000000000066e0      0x155 CMakeFiles/L475PWM.dir/Core/Src/stm32l4xx_it.c.obj
 .debug_info    0x0000000000006835      0x308 CMakeFiles/L475PWM.dir/Core/Src/stm32l4xx_hal_msp.c.obj
 .debug_info    0x0000000000006b3d     0x1b6c CMakeFiles/L475PWM.dir/Drivers/STM32L4xx_HAL_Driver/Src/stm32l4xx_hal_dfsdm.c.obj
 .debug_info    0x00000000000086a9      0xadc CMakeFiles/L475PWM.dir/Drivers/STM32L4xx_HAL_Driver/Src/stm32l4xx_hal.c.obj
 .debug_info    0x0000000000009185      0xc98 CMakeFiles/L475PWM.dir/Drivers/STM32L4xx_HAL_Driver/Src/stm32l4xx_hal_rcc.c.obj
 .debug_info    0x0000000000009e1d      0xe28 CMakeFiles/L475PWM.dir/Drivers/STM32L4xx_HAL_Driver/Src/stm32l4xx_hal_rcc_ex.c.obj
 .debug_info    0x000000000000ac45      0x821 CMakeFiles/L475PWM.dir/Drivers/STM32L4xx_HAL_Driver/Src/stm32l4xx_hal_gpio.c.obj
 .debug_info    0x000000000000b466     0x225c CMakeFiles/L475PWM.dir/Drivers/STM32L4xx_HAL_Driver/Src/stm32l4xx_hal_i2c.c.obj
 .debug_info    0x000000000000d6c2      0xa45 CMakeFiles/L475PWM.dir/Drivers/STM32L4xx_HAL_Driver/Src/stm32l4xx_hal_i2c_ex.c.obj
 .debug_info    0x000000000000e107      0x914 CMakeFiles/L475PWM.dir/Drivers/STM32L4xx_HAL_Driver/Src/stm32l4xx_hal_pwr.c.obj
 .debug_info    0x000000000000ea1b      0x9c1 CMakeFiles/L475PWM.dir/Drivers/STM32L4xx_HAL_Driver/Src/stm32l4xx_hal_pwr_ex.c.obj
 .debug_info    0x000000000000f3dc      0xe1b CMakeFiles/L475PWM.dir/Drivers/STM32L4xx_HAL_Driver/Src/stm32l4xx_hal_cortex.c.obj
 .debug_info    0x00000000000101f7     0x11ee CMakeFiles/L475PWM.dir/Drivers/STM32L4xx_HAL_Driver/Src/stm32l4xx_hal_qspi.c.obj
 .debug_info    0x00000000000113e5     0x1721 CMakeFiles/L475PWM.dir/Drivers/STM32L4xx_HAL_Driver/Src/stm32l4xx_hal_spi.c.obj
 .debug_info    0x0000000000012b06     0x2c8d CMakeFiles/L475PWM.dir/Drivers/STM32L4xx_HAL_Driver/Src/stm32l4xx_hal_tim.c.obj
 .debug_info    0x0000000000015793     0x16b7 CMakeFiles/L475PWM.dir/Drivers/STM32L4xx_HAL_Driver/Src/stm32l4xx_hal_tim_ex.c.obj
 .debug_info    0x0000000000016e4a     0x3cf4 CMakeFiles/L475PWM.dir/Drivers/STM32L4xx_HAL_Driver/Src/stm32l4xx_hal_uart.c.obj
 .debug_info    0x000000000001ab3e     0x128c CMakeFiles/L475PWM.dir/Drivers/STM32L4xx_HAL_Driver/Src/stm32l4xx_hal_pcd.c.obj
 .debug_info    0x000000000001bdca      0x8de CMakeFiles/L475PWM.dir/Drivers/STM32L4xx_HAL_Driver/Src/stm32l4xx_hal_pcd_ex.c.obj
 .debug_info    0x000000000001c6a8     0x1b06 CMakeFiles/L475PWM.dir/Drivers/STM32L4xx_HAL_Driver/Src/stm32l4xx_ll_usb.c.obj
 .debug_info    0x000000000001e1ae      0x5c6 CMakeFiles/L475PWM.dir/Core/Src/system_stm32l4xx.c.obj
 .debug_info    0x000000000001e774      0x15f CMakeFiles/L475PWM.dir/Core/Src/sysmem.c.obj
 .debug_info    0x000000000001e8d3      0x6b2 CMakeFiles/L475PWM.dir/Core/Src/syscalls.c.obj
 .debug_info    0x000000000001ef85       0x22 CMakeFiles/L475PWM.dir/startup_stm32l475xx.s.obj

.debug_abbrev   0x0000000000000000     0x3a5c
 .debug_abbrev  0x0000000000000000      0x1eb CMakeFiles/L475PWM.dir/Core/Src/main.c.obj
 .debug_abbrev  0x00000000000001eb      0x12a CMakeFiles/L475PWM.dir/Core/Src/gpio.c.obj
 .debug_abbrev  0x0000000000000315      0x179 CMakeFiles/L475PWM.dir/Core/Src/dfsdm.c.obj
 .debug_abbrev  0x000000000000048e      0x1ac CMakeFiles/L475PWM.dir/Core/Src/i2c.c.obj
 .debug_abbrev  0x000000000000063a      0x1a1 CMakeFiles/L475PWM.dir/Core/Src/quadspi.c.obj
 .debug_abbrev  0x00000000000007db      0x1a1 CMakeFiles/L475PWM.dir/Core/Src/spi.c.obj
 .debug_abbrev  0x000000000000097c      0x1c5 CMakeFiles/L475PWM.dir/Core/Src/tim.c.obj
 .debug_abbrev  0x0000000000000b41      0x1a8 CMakeFiles/L475PWM.dir/Core/Src/usart.c.obj
 .debug_abbrev  0x0000000000000ce9      0x1c0 CMakeFiles/L475PWM.dir/Core/Src/usb_otg.c.obj
 .debug_abbrev  0x0000000000000ea9       0x70 CMakeFiles/L475PWM.dir/Core/Src/stm32l4xx_it.c.obj
 .debug_abbrev  0x0000000000000f19       0xc2 CMakeFiles/L475PWM.dir/Core/Src/stm32l4xx_hal_msp.c.obj
 .debug_abbrev  0x0000000000000fdb      0x241 CMakeFiles/L475PWM.dir/Drivers/STM32L4xx_HAL_Driver/Src/stm32l4xx_hal_dfsdm.c.obj
 .debug_abbrev  0x000000000000121c      0x207 CMakeFiles/L475PWM.dir/Drivers/STM32L4xx_HAL_Driver/Src/stm32l4xx_hal.c.obj
 .debug_abbrev  0x0000000000001423      0x275 CMakeFiles/L475PWM.dir/Drivers/STM32L4xx_HAL_Driver/Src/stm32l4xx_hal_rcc.c.obj
 .debug_abbrev  0x0000000000001698      0x255 CMakeFiles/L475PWM.dir/Drivers/STM32L4xx_HAL_Driver/Src/stm32l4xx_hal_rcc_ex.c.obj
 .debug_abbrev  0x00000000000018ed      0x1bb CMakeFiles/L475PWM.dir/Drivers/STM32L4xx_HAL_Driver/Src/stm32l4xx_hal_gpio.c.obj
 .debug_abbrev  0x0000000000001aa8      0x21e CMakeFiles/L475PWM.dir/Drivers/STM32L4xx_HAL_Driver/Src/stm32l4xx_hal_i2c.c.obj
 .debug_abbrev  0x0000000000001cc6      0x1b0 CMakeFiles/L475PWM.dir/Drivers/STM32L4xx_HAL_Driver/Src/stm32l4xx_hal_i2c_ex.c.obj
 .debug_abbrev  0x0000000000001e76      0x185 CMakeFiles/L475PWM.dir/Drivers/STM32L4xx_HAL_Driver/Src/stm32l4xx_hal_pwr.c.obj
 .debug_abbrev  0x0000000000001ffb      0x1e0 CMakeFiles/L475PWM.dir/Drivers/STM32L4xx_HAL_Driver/Src/stm32l4xx_hal_pwr_ex.c.obj
 .debug_abbrev  0x00000000000021db      0x316 CMakeFiles/L475PWM.dir/Drivers/STM32L4xx_HAL_Driver/Src/stm32l4xx_hal_cortex.c.obj
 .debug_abbrev  0x00000000000024f1      0x20c CMakeFiles/L475PWM.dir/Drivers/STM32L4xx_HAL_Driver/Src/stm32l4xx_hal_qspi.c.obj
 .debug_abbrev  0x00000000000026fd      0x228 CMakeFiles/L475PWM.dir/Drivers/STM32L4xx_HAL_Driver/Src/stm32l4xx_hal_spi.c.obj
 .debug_abbrev  0x0000000000002925      0x238 CMakeFiles/L475PWM.dir/Drivers/STM32L4xx_HAL_Driver/Src/stm32l4xx_hal_tim.c.obj
 .debug_abbrev  0x0000000000002b5d      0x240 CMakeFiles/L475PWM.dir/Drivers/STM32L4xx_HAL_Driver/Src/stm32l4xx_hal_tim_ex.c.obj
 .debug_abbrev  0x0000000000002d9d      0x27b CMakeFiles/L475PWM.dir/Drivers/STM32L4xx_HAL_Driver/Src/stm32l4xx_hal_uart.c.obj
 .debug_abbrev  0x0000000000003018      0x25c CMakeFiles/L475PWM.dir/Drivers/STM32L4xx_HAL_Driver/Src/stm32l4xx_hal_pcd.c.obj
 .debug_abbrev  0x0000000000003274      0x219 CMakeFiles/L475PWM.dir/Drivers/STM32L4xx_HAL_Driver/Src/stm32l4xx_hal_pcd_ex.c.obj
 .debug_abbrev  0x000000000000348d      0x281 CMakeFiles/L475PWM.dir/Drivers/STM32L4xx_HAL_Driver/Src/stm32l4xx_ll_usb.c.obj
 .debug_abbrev  0x000000000000370e      0x116 CMakeFiles/L475PWM.dir/Core/Src/system_stm32l4xx.c.obj
 .debug_abbrev  0x0000000000003824       0xa6 CMakeFiles/L475PWM.dir/Core/Src/sysmem.c.obj
 .debug_abbrev  0x00000000000038ca      0x180 CMakeFiles/L475PWM.dir/Core/Src/syscalls.c.obj
 .debug_abbrev  0x0000000000003a4a       0x12 CMakeFiles/L475PWM.dir/startup_stm32l475xx.s.obj

.debug_aranges  0x0000000000000000     0x1c60
 .debug_aranges
                0x0000000000000000       0x38 CMakeFiles/L475PWM.dir/Core/Src/main.c.obj
 .debug_aranges
                0x0000000000000038       0x20 CMakeFiles/L475PWM.dir/Core/Src/gpio.c.obj
 .debug_aranges
                0x0000000000000058       0x30 CMakeFiles/L475PWM.dir/Core/Src/dfsdm.c.obj
 .debug_aranges
                0x0000000000000088       0x30 CMakeFiles/L475PWM.dir/Core/Src/i2c.c.obj
 .debug_aranges
                0x00000000000000b8       0x30 CMakeFiles/L475PWM.dir/Core/Src/quadspi.c.obj
 .debug_aranges
                0x00000000000000e8       0x30 CMakeFiles/L475PWM.dir/Core/Src/spi.c.obj
 .debug_aranges
                0x0000000000000118       0x38 CMakeFiles/L475PWM.dir/Core/Src/tim.c.obj
 .debug_aranges
                0x0000000000000150       0x38 CMakeFiles/L475PWM.dir/Core/Src/usart.c.obj
 .debug_aranges
                0x0000000000000188       0x30 CMakeFiles/L475PWM.dir/Core/Src/usb_otg.c.obj
 .debug_aranges
                0x00000000000001b8       0x70 CMakeFiles/L475PWM.dir/Core/Src/stm32l4xx_it.c.obj
 .debug_aranges
                0x0000000000000228       0x20 CMakeFiles/L475PWM.dir/Core/Src/stm32l4xx_hal_msp.c.obj
 .debug_aranges
                0x0000000000000248      0x248 CMakeFiles/L475PWM.dir/Drivers/STM32L4xx_HAL_Driver/Src/stm32l4xx_hal_dfsdm.c.obj
 .debug_aranges
                0x0000000000000490      0x130 CMakeFiles/L475PWM.dir/Drivers/STM32L4xx_HAL_Driver/Src/stm32l4xx_hal.c.obj
 .debug_aranges
                0x00000000000005c0       0x90 CMakeFiles/L475PWM.dir/Drivers/STM32L4xx_HAL_Driver/Src/stm32l4xx_hal_rcc.c.obj
 .debug_aranges
                0x0000000000000650       0xc0 CMakeFiles/L475PWM.dir/Drivers/STM32L4xx_HAL_Driver/Src/stm32l4xx_hal_rcc_ex.c.obj
 .debug_aranges
                0x0000000000000710       0x58 CMakeFiles/L475PWM.dir/Drivers/STM32L4xx_HAL_Driver/Src/stm32l4xx_hal_gpio.c.obj
 .debug_aranges
                0x0000000000000768      0x2a0 CMakeFiles/L475PWM.dir/Drivers/STM32L4xx_HAL_Driver/Src/stm32l4xx_hal_i2c.c.obj
 .debug_aranges
                0x0000000000000a08       0x48 CMakeFiles/L475PWM.dir/Drivers/STM32L4xx_HAL_Driver/Src/stm32l4xx_hal_i2c_ex.c.obj
 .debug_aranges
                0x0000000000000a50       0x98 CMakeFiles/L475PWM.dir/Drivers/STM32L4xx_HAL_Driver/Src/stm32l4xx_hal_pwr.c.obj
 .debug_aranges
                0x0000000000000ae8      0x150 CMakeFiles/L475PWM.dir/Drivers/STM32L4xx_HAL_Driver/Src/stm32l4xx_hal_pwr_ex.c.obj
 .debug_aranges
                0x0000000000000c38      0x118 CMakeFiles/L475PWM.dir/Drivers/STM32L4xx_HAL_Driver/Src/stm32l4xx_hal_cortex.c.obj